Archive member included because of file (symbol)

/opt/PetaLinux/petalinux-v2013.10-final/tools/linux-i386/arm-xilinx-linux-gnueabi/bin/../lib/gcc/arm-xilinx-linux-gnueabi/4.7.3/libgcc.a(_udivsi3.o)
                              arch/arm/cpu/armv7/zynq/libzynq.o (__aeabi_uidiv)
/opt/PetaLinux/petalinux-v2013.10-final/tools/linux-i386/arm-xilinx-linux-gnueabi/bin/../lib/gcc/arm-xilinx-linux-gnueabi/4.7.3/libgcc.a(_divsi3.o)
                              common/libcommon.o (__aeabi_idiv)
/opt/PetaLinux/petalinux-v2013.10-final/tools/linux-i386/arm-xilinx-linux-gnueabi/bin/../lib/gcc/arm-xilinx-linux-gnueabi/4.7.3/libgcc.a(_lshrdi3.o)
                              common/libcommon.o (__aeabi_llsr)
/opt/PetaLinux/petalinux-v2013.10-final/tools/linux-i386/arm-xilinx-linux-gnueabi/bin/../lib/gcc/arm-xilinx-linux-gnueabi/4.7.3/libgcc.a(_ashldi3.o)
                              drivers/mmc/libmmc.o (__aeabi_llsl)
/opt/PetaLinux/petalinux-v2013.10-final/tools/linux-i386/arm-xilinx-linux-gnueabi/bin/../lib/gcc/arm-xilinx-linux-gnueabi/4.7.3/libgcc.a(_aeabi_uldivmod.o)
                              arch/arm/cpu/armv7/zynq/libzynq.o (__aeabi_uldivmod)
/opt/PetaLinux/petalinux-v2013.10-final/tools/linux-i386/arm-xilinx-linux-gnueabi/bin/../lib/gcc/arm-xilinx-linux-gnueabi/4.7.3/libgcc.a(_dvmd_lnx.o)
                              /opt/PetaLinux/petalinux-v2013.10-final/tools/linux-i386/arm-xilinx-linux-gnueabi/bin/../lib/gcc/arm-xilinx-linux-gnueabi/4.7.3/libgcc.a(_udivsi3.o) (__aeabi_idiv0)
/opt/PetaLinux/petalinux-v2013.10-final/tools/linux-i386/arm-xilinx-linux-gnueabi/bin/../lib/gcc/arm-xilinx-linux-gnueabi/4.7.3/libgcc.a(bpabi.o)
                              /opt/PetaLinux/petalinux-v2013.10-final/tools/linux-i386/arm-xilinx-linux-gnueabi/bin/../lib/gcc/arm-xilinx-linux-gnueabi/4.7.3/libgcc.a(_aeabi_uldivmod.o) (__gnu_uldivmod_helper)
/opt/PetaLinux/petalinux-v2013.10-final/tools/linux-i386/arm-xilinx-linux-gnueabi/bin/../lib/gcc/arm-xilinx-linux-gnueabi/4.7.3/libgcc.a(_divdi3.o)
                              /opt/PetaLinux/petalinux-v2013.10-final/tools/linux-i386/arm-xilinx-linux-gnueabi/bin/../lib/gcc/arm-xilinx-linux-gnueabi/4.7.3/libgcc.a(bpabi.o) (__divdi3)
/opt/PetaLinux/petalinux-v2013.10-final/tools/linux-i386/arm-xilinx-linux-gnueabi/bin/../lib/gcc/arm-xilinx-linux-gnueabi/4.7.3/libgcc.a(_udivdi3.o)
                              /opt/PetaLinux/petalinux-v2013.10-final/tools/linux-i386/arm-xilinx-linux-gnueabi/bin/../lib/gcc/arm-xilinx-linux-gnueabi/4.7.3/libgcc.a(bpabi.o) (__udivdi3)

Discarded input sections

 .data          0x00000000        0x0 arch/arm/cpu/armv7/start.o
 .bss           0x00000000        0x0 arch/arm/cpu/armv7/start.o
 .text          0x00000000        0x0 arch/arm/cpu/armv7/libarmv7.o
 .text.sdelay   0x00000000        0xc arch/arm/cpu/armv7/libarmv7.o
 .text.sr32     0x00000000       0x24 arch/arm/cpu/armv7/libarmv7.o
 .text.wait_on_value
                0x00000000       0x34 arch/arm/cpu/armv7/libarmv7.o
 .data          0x00000000        0x0 arch/arm/cpu/armv7/libarmv7.o
 .bss           0x00000000        0x0 arch/arm/cpu/armv7/libarmv7.o
 .text.zynq_slcr_get_boot_mode
                0x00000000        0xc arch/arm/cpu/armv7/zynq/libzynq.o
 .data          0x00000000        0x0 arch/arm/cpu/armv7/zynq/libzynq.o
 .bss           0x00000000        0x0 arch/arm/cpu/armv7/zynq/libzynq.o
 .text.__arch_cpu_init
                0x00000000        0x8 arch/arm/lib/libarm.o
 .text.__red_led_off
                0x00000000        0x4 arch/arm/lib/libarm.o
 .text.__green_led_on
                0x00000000        0x4 arch/arm/lib/libarm.o
 .text.__green_led_off
                0x00000000        0x4 arch/arm/lib/libarm.o
 .text.__yellow_led_on
                0x00000000        0x4 arch/arm/lib/libarm.o
 .text.__yellow_led_off
                0x00000000        0x4 arch/arm/lib/libarm.o
 .text.__blue_led_on
                0x00000000        0x4 arch/arm/lib/libarm.o
 .text.__blue_led_off
                0x00000000        0x4 arch/arm/lib/libarm.o
 .text.setup_board_tags
                0x00000000        0x4 arch/arm/lib/libarm.o
 .text.__flush_cache
                0x00000000        0x4 arch/arm/lib/libarm.o
 .text.__flush_dcache_all
                0x00000000        0xc arch/arm/lib/libarm.o
 .text.__enable_caches
                0x00000000        0xc arch/arm/lib/libarm.o
 .text.__arm_init_before_mmu
                0x00000000        0x4 arch/arm/lib/libarm.o
 .text.__mmu_page_table_flush
                0x00000000        0x4 arch/arm/lib/libarm.o
 .data          0x00000000        0x0 arch/arm/lib/libarm.o
 .bss           0x00000000        0x0 arch/arm/lib/libarm.o
 .text          0x00000000        0x0 common/libcommon.o
 .text.invalidate_icache_all
                0x00000000        0xc common/libcommon.o
 .text.flush_dcache_all
                0x00000000        0xc common/libcommon.o
 .text.fputs    0x00000000       0x28 common/libcommon.o
 .text.fprintf  0x00000000       0x48 common/libcommon.o
[...]
Memory Configuration

Name             Origin             Length             Attributes
*default*        0x00000000         0xffffffff

Linker script and memory map

                0x00000000                . = 0x0
                0x00000000                . = ALIGN (0x4)

.text           0x1fc00000    0x29bdc
 *(.__image_copy_start)
 .__image_copy_start
                0x1fc00000        0x0 arch/arm/lib/libarm.o
                0x1fc00000                __image_copy_start
 arch/arm/cpu/armv7/start.o(.text*)
 .text          0x1fc00000      0x3a0 arch/arm/cpu/armv7/start.o
                0x1fc00000                _start
                0x1fc00040                _end_vect
                0x1fc00040                _TEXT_BASE
                0x1fc00044                _bss_start_ofs
                0x1fc00048                _bss_end_ofs
                0x1fc0004c                _end_ofs
                0x1fc00050                IRQ_STACK_START_IN
                0x1fc00094                c_runtime_cpu_setup
                0x1fc000ac                save_boot_params
                0x1fc000b0                cpu_init_cp15
                0x1fc000e8                cpu_init_crit
 *(.text*)
 .text.v7_maint_dcache_all
                0x1fc003a0       0xd0 arch/arm/cpu/armv7/libarmv7.o
 .text.v7_dcache_inval_range
                0x1fc00470       0x80 arch/arm/cpu/armv7/libarmv7.o
 .text.invalidate_icache_all
                0x1fc004f0       0x18 arch/arm/cpu/armv7/libarmv7.o
                0x1fc004f0                invalidate_icache_all
 .text.__v7_outer_cache_enable
                0x1fc00508        0x4 arch/arm/cpu/armv7/libarmv7.o
                0x1fc00508                __v7_outer_cache_enable
                0x1fc00508                v7_outer_cache_enable
 .text.__v7_outer_cache_disable
                0x1fc0050c        0x4 arch/arm/cpu/armv7/libarmv7.o
                0x1fc0050c                v7_outer_cache_disable
                0x1fc0050c                __v7_outer_cache_disable
 .text.__v7_outer_cache_flush_all
                0x1fc00510        0x4 arch/arm/cpu/armv7/libarmv7.o
                0x1fc00510                __v7_outer_cache_flush_all
                0x1fc00510                v7_outer_cache_flush_all
 .text.flush_dcache_all
                0x1fc00514       0x14 arch/arm/cpu/armv7/libarmv7.o
                0x1fc00514                flush_dcache_all
 .text.__v7_outer_cache_inval_all
                0x1fc00528        0x4 arch/arm/cpu/armv7/libarmv7.o
                0x1fc00528                v7_outer_cache_inval_all
                0x1fc00528                __v7_outer_cache_inval_all
 .text.invalidate_dcache_all
                0x1fc0052c       0x14 arch/arm/cpu/armv7/libarmv7.o
                0x1fc0052c                invalidate_dcache_all
 .text.arm_init_before_mmu
                0x1fc00540       0x28 arch/arm/cpu/armv7/libarmv7.o
                0x1fc00540                arm_init_before_mmu
 .text.__v7_outer_cache_flush_range
                0x1fc00568        0x4 arch/arm/cpu/armv7/libarmv7.o
                0x1fc00568                v7_outer_cache_flush_range
                0x1fc00568                __v7_outer_cache_flush_range
 .text.flush_dcache_range
                0x1fc0056c       0x3c arch/arm/cpu/armv7/libarmv7.o
                0x1fc0056c                flush_dcache_range
 .text.flush_cache
                0x1fc005a8        0x8 arch/arm/cpu/armv7/libarmv7.o
                0x1fc005a8                flush_cache
 .text.mmu_page_table_flush
                0x1fc005b0       0x24 arch/arm/cpu/armv7/libarmv7.o
                0x1fc005b0                mmu_page_table_flush
 .text.__v7_outer_cache_inval_range
                0x1fc005d4        0x4 arch/arm/cpu/armv7/libarmv7.o
                0x1fc005d4                __v7_outer_cache_inval_range
                0x1fc005d4                v7_outer_cache_inval_range
 .text.invalidate_dcache_range
                0x1fc005d8       0x3c arch/arm/cpu/armv7/libarmv7.o
                0x1fc005d8                invalidate_dcache_range
 .text.cpu_cache_initialization
                0x1fc00614        0x4 arch/arm/cpu/armv7/libarmv7.o
                0x1fc00614                cpu_cache_initialization
 .text.cleanup_before_linux
                0x1fc00618       0x28 arch/arm/cpu/armv7/libarmv7.o
                0x1fc00618                cleanup_before_linux
 .text          0x1fc00640       0x24 arch/arm/cpu/armv7/zynq/libzynq.o
                0x1fc00640                lowlevel_init
 .text.timer_init
                0x1fc00664       0x44 arch/arm/cpu/armv7/zynq/libzynq.o
                0x1fc00664                timer_init
 .text.get_timer_masked
                0x1fc006a8       0x50 arch/arm/cpu/armv7/zynq/libzynq.o
                0x1fc006a8                get_timer_masked
 .text.__udelay
                0x1fc006f8       0x68 arch/arm/cpu/armv7/zynq/libzynq.o
                0x1fc006f8                __udelay
 .text.get_timer
                0x1fc00760       0x14 arch/arm/cpu/armv7/zynq/libzynq.o
                0x1fc00760                get_timer
 .text.get_ticks
                0x1fc00774       0x10 arch/arm/cpu/armv7/zynq/libzynq.o
                0x1fc00774                get_ticks
 .text.get_tbclk
                0x1fc00784        0x8 arch/arm/cpu/armv7/zynq/libzynq.o
                0x1fc00784                get_tbclk
 .text.arch_cpu_init
                0x1fc0078c       0x5c arch/arm/cpu/armv7/zynq/libzynq.o
                0x1fc0078c                arch_cpu_init
 .text.reset_cpu
                0x1fc007e8        0xc arch/arm/cpu/armv7/zynq/libzynq.o
                0x1fc007e8                reset_cpu
 .text.enable_caches
                0x1fc007f4        0x4 arch/arm/cpu/armv7/zynq/libzynq.o
                0x1fc007f4                enable_caches
 .text.zynq_ddrc_init
                0x1fc007f8       0x64 arch/arm/cpu/armv7/zynq/libzynq.o
                0x1fc007f8                zynq_ddrc_init
 .text.zynq_slcr_lock
                0x1fc0085c       0x2c arch/arm/cpu/armv7/zynq/libzynq.o
                0x1fc0085c                zynq_slcr_lock
 .text.zynq_slcr_unlock
                0x1fc00888       0x2c arch/arm/cpu/armv7/zynq/libzynq.o
                0x1fc00888                zynq_slcr_unlock
 .text.zynq_slcr_cpu_reset
                0x1fc008b4       0x24 arch/arm/cpu/armv7/zynq/libzynq.o
                0x1fc008b4                zynq_slcr_cpu_reset
 .text.zynq_slcr_gem_clk_setup
                0x1fc008d8       0x64 arch/arm/cpu/armv7/zynq/libzynq.o
                0x1fc008d8                zynq_slcr_gem_clk_setup
 .text.zynq_slcr_get_lqspi_clk_ctrl
                0x1fc0093c        0xc arch/arm/cpu/armv7/zynq/libzynq.o
                0x1fc0093c                zynq_slcr_get_lqspi_clk_ctrl
 .text.zynq_slcr_devcfg_disable
                0x1fc00948       0x24 arch/arm/cpu/armv7/zynq/libzynq.o
                0x1fc00948                zynq_slcr_devcfg_disable
 .text.zynq_slcr_devcfg_enable
                0x1fc0096c       0x24 arch/arm/cpu/armv7/zynq/libzynq.o
                0x1fc0096c                zynq_slcr_devcfg_enable
 .text.zynq_slcr_get_idcode
                0x1fc00990       0x10 arch/arm/cpu/armv7/zynq/libzynq.o
                0x1fc00990                zynq_slcr_get_idcode
 .text.zynq_slcr_get_mio_pin_status
                0x1fc009a0       0x90 arch/arm/cpu/armv7/zynq/libzynq.o
                0x1fc009a0                zynq_slcr_get_mio_pin_status
 .text          0x1fc00a30       0xe8 arch/arm/lib/libarm.o
                0x1fc00a30                _main
                0x1fc00ab4                relocate_code
 .text.mark_bootstage
                0x1fc00b18        0x8 arch/arm/lib/libarm.o
 .text.display_banner
                0x1fc00b20       0x20 arch/arm/lib/libarm.o
 .text.init_baudrate
                0x1fc00b40       0x2c arch/arm/lib/libarm.o
 .text.__coloured_LED_init
                0x1fc00b6c        0x4 arch/arm/lib/libarm.o
                0x1fc00b6c                coloured_LED_init
                0x1fc00b6c                __coloured_LED_init
 .text.__red_led_on
                0x1fc00b70        0x4 arch/arm/lib/libarm.o
                0x1fc00b70                __red_led_on
                0x1fc00b70                red_led_on
 .text.__dram_init_banksize
                0x1fc00b74       0x1c arch/arm/lib/libarm.o
                0x1fc00b74                __dram_init_banksize
                0x1fc00b74                dram_init_banksize
 .text.__power_init_board
                0x1fc00b90        0x8 arch/arm/lib/libarm.o
                0x1fc00b90                __power_init_board
                0x1fc00b90                power_init_board
 .text.board_init_f
                0x1fc00b98      0x118 arch/arm/lib/libarm.o
                0x1fc00b98                board_init_f
 .text.board_init_r
                0x1fc00cb0       0xb0 arch/arm/lib/libarm.o
                0x1fc00cb0                board_init_r
 .text.arch_fixup_memory_node
                0x1fc00d60        0x8 arch/arm/lib/libarm.o
                0x1fc00d60                arch_fixup_memory_node
 .text.boot_jump_linux
                0x1fc00d68       0xac arch/arm/lib/libarm.o
 .text.boot_prep_linux
                0x1fc00e14       0x40 arch/arm/lib/libarm.o
 .text.arch_lmb_reserve
                0x1fc00e54       0x24 arch/arm/lib/libarm.o
                0x1fc00e54                arch_lmb_reserve
 .text.do_bootm_linux
                0x1fc00e78       0x60 arch/arm/lib/libarm.o
                0x1fc00e78                do_bootm_linux
 .text.interrupt_init
                0x1fc00ed8       0x1c arch/arm/lib/libarm.o
                0x1fc00ed8                interrupt_init
 .text.enable_interrupts
                0x1fc00ef4        0x4 arch/arm/lib/libarm.o
                0x1fc00ef4                enable_interrupts
 .text.disable_interrupts
                0x1fc00ef8        0x8 arch/arm/lib/libarm.o
                0x1fc00ef8                disable_interrupts
 .text.bad_mode
                0x1fc00f00       0x10 arch/arm/lib/libarm.o
                0x1fc00f00                bad_mode
 .text.show_regs
                0x1fc00f10      0x13c arch/arm/lib/libarm.o
                0x1fc00f10                show_regs
 .text.do_undefined_instruction
                0x1fc0104c       0x20 arch/arm/lib/libarm.o
                0x1fc0104c                do_undefined_instruction
 .text.do_software_interrupt
                0x1fc0106c       0x20 arch/arm/lib/libarm.o
                0x1fc0106c                do_software_interrupt
 .text.do_prefetch_abort
                0x1fc0108c       0x20 arch/arm/lib/libarm.o
                0x1fc0108c                do_prefetch_abort
 .text.do_data_abort
                0x1fc010ac       0x20 arch/arm/lib/libarm.o
                0x1fc010ac                do_data_abort
 .text.do_not_used
                0x1fc010cc       0x20 arch/arm/lib/libarm.o
                0x1fc010cc                do_not_used
 .text.do_fiq   0x1fc010ec       0x20 arch/arm/lib/libarm.o
                0x1fc010ec                do_fiq
 .text.do_irq   0x1fc0110c       0x20 arch/arm/lib/libarm.o
                0x1fc0110c                do_irq
 .text.do_reset
                0x1fc0112c       0x2c arch/arm/lib/libarm.o
                0x1fc0112c                do_reset
 .text.cp_delay
                0x1fc01158       0x30 arch/arm/lib/libarm.o
 .text.arm_init_domains
                0x1fc01188        0x4 arch/arm/lib/libarm.o
                0x1fc01188                arm_init_domains
 .text.set_section_dcache
                0x1fc0118c       0x14 arch/arm/lib/libarm.o
                0x1fc0118c                set_section_dcache
 .text.mmu_set_region_dcache_behaviour
                0x1fc011a0       0x50 arch/arm/lib/libarm.o
                0x1fc011a0                mmu_set_region_dcache_behaviour
 .text.dram_bank_mmu_setup
                0x1fc011f0       0x48 arch/arm/lib/libarm.o
                0x1fc011f0                dram_bank_mmu_setup
 .text.icache_enable
                0x1fc01238       0x18 arch/arm/lib/libarm.o
                0x1fc01238                icache_enable
 .text.icache_disable
                0x1fc01250       0x1c arch/arm/lib/libarm.o
                0x1fc01250                icache_disable
 .text.icache_status
                0x1fc0126c        0xc arch/arm/lib/libarm.o
                0x1fc0126c                icache_status
 .text.dcache_enable
                0x1fc01278       0x6c arch/arm/lib/libarm.o
                0x1fc01278                dcache_enable
 .text.dcache_disable
                0x1fc012e4       0x28 arch/arm/lib/libarm.o
                0x1fc012e4                dcache_disable
 .text.dcache_status
                0x1fc0130c        0xc arch/arm/lib/libarm.o
                0x1fc0130c                dcache_status
 .text.print_num
                0x1fc01318       0x18 common/libcommon.o
 .text.do_bdinfo
                0x1fc01330      0x180 common/libcommon.o
                0x1fc01330                do_bdinfo
 .text.do_go_exec
                0x1fc014b0       0x18 common/libcommon.o
                0x1fc014b0                do_go_exec
 .text.do_go    0x1fc014c8       0x70 common/libcommon.o
 .text.image_info
                0x1fc01538      0x118 common/libcommon.o
 .text.do_bootd
                0x1fc01650       0x24 common/libcommon.o
                0x1fc01650                do_bootd
 .text.copy_args
                0x1fc01674       0x4c common/libcommon.o
 .text.do_bootm_rtems
                0x1fc016c0       0x58 common/libcommon.o
 .text.do_iminfo
                0x1fc01718       0x60 common/libcommon.o
 .text.do_bootm_plan9
                0x1fc01778       0xbc common/libcommon.o
 .text.do_bootm_netbsd
                0x1fc01834      0x10c common/libcommon.o
 .text.__arch_preboot_os
                0x1fc01940        0x4 common/libcommon.o
                0x1fc01940                arch_preboot_os
 .text.do_bootm_states.isra.15.constprop.16
                0x1fc01944      0xa28 common/libcommon.o
 .text.do_bootm
                0x1fc0236c       0xd8 common/libcommon.o
                0x1fc0236c                do_bootm
 .text.bootm_maybe_autostart
                0x1fc02444       0x74 common/libcommon.o
                0x1fc02444                bootm_maybe_autostart
 .text.parse_argv
                0x1fc024b8       0x64 common/libcommon.o
 .text.do_icache
                0x1fc0251c       0x8c common/libcommon.o
                0x1fc0251c                do_icache
 .text.do_dcache
                0x1fc025a8       0x8c common/libcommon.o
                0x1fc025a8                do_dcache
 .text.do_coninfo
                0x1fc02634       0xb8 common/libcommon.o
 .text.do_echo  0x1fc026ec       0xb0 common/libcommon.o
 .text.do_exit  0x1fc0279c       0x34 common/libcommon.o
 .text.do_ext2load
                0x1fc027d0       0x18 common/libcommon.o
                0x1fc027d0                do_ext2load
 .text.do_ext2ls
                0x1fc027e8       0x14 common/libcommon.o
                0x1fc027e8                do_ext2ls
 .text.do_fat_fsinfo
                0x1fc027fc       0x90 common/libcommon.o
 .text.do_fat_ls
                0x1fc0288c       0x14 common/libcommon.o
 .text.do_fat_fsload
                0x1fc028a0       0x18 common/libcommon.o
                0x1fc028a0                do_fat_fsload
 .text.fdt_valid
                0x1fc028b8       0xc0 common/libcommon.o
 .text.is_printable_string
                0x1fc02978       0x90 common/libcommon.o
 .text.print_data
                0x1fc02a08      0x170 common/libcommon.o
 .text.set_working_fdt_addr
                0x1fc02b78       0x1c common/libcommon.o
                0x1fc02b78                set_working_fdt_addr
 .text.do_fdt   0x1fc02b94      0xeb4 common/libcommon.o
 .text.do_fpga  0x1fc03a48      0x3b0 common/libcommon.o
                0x1fc03a48                do_fpga
 .text.do_help  0x1fc03df8       0x44 common/libcommon.o
 .text.evalexp  0x1fc03e3c       0x78 common/libcommon.o
 .text.binary_test
                0x1fc03eb4      0x1cc common/libcommon.o
 .text.do_itest
                0x1fc04080       0x98 common/libcommon.o
 .text.bin_data_init
                0x1fc04118       0x2c common/libcommon.o
 .text.k_data_restore
                0x1fc04144       0x4c common/libcommon.o
 .text.load_serial_ymodem
                0x1fc04190       0xe4 common/libcommon.o
 .text.getcxmodem
                0x1fc04274       0x20 common/libcommon.o
 .text.write_record
                0x1fc04294       0x30 common/libcommon.o
 .text.do_save_serial
                0x1fc042c4      0x1a0 common/libcommon.o
                0x1fc042c4                do_save_serial
 .text.bin_data_char
                0x1fc04464       0x28 common/libcommon.o
 .text.chk1.constprop.1
                0x1fc0448c       0x30 common/libcommon.o
 .text.s1_sendpacket.constprop.2
                0x1fc044bc       0x50 common/libcommon.o
 .text.load_serial
                0x1fc0450c      0x1f8 common/libcommon.o
 .text.do_load_serial
                0x1fc04704       0xe0 common/libcommon.o
 .text.do_load_serial_bin
                0x1fc047e4      0x7c0 common/libcommon.o
 .text.do_mem_loop
                0x1fc04fa4       0xfc common/libcommon.o
 .text.do_mem_mw
                0x1fc050a0       0xc4 common/libcommon.o
 .text.do_mem_base
                0x1fc05164       0x40 common/libcommon.o
 .text.do_mem_cmp
                0x1fc051a4      0x158 common/libcommon.o
 .text.do_mem_crc
                0x1fc052fc       0x48 common/libcommon.o
 .text.do_mem_cp
                0x1fc05344       0xd8 common/libcommon.o
 .text.do_mem_md
                0x1fc0541c       0xec common/libcommon.o
 .text.mod_mem.isra.2
                0x1fc05508      0x178 common/libcommon.o
 .text.do_mem_nm
                0x1fc05680        0x8 common/libcommon.o
 .text.do_mem_mm
                0x1fc05688        0x8 common/libcommon.o
 .text.do_sleep
                0x1fc05690       0x70 common/libcommon.o
 .text.do_mmcops
                0x1fc05700      0x488 common/libcommon.o
 .text.do_mmcinfo
                0x1fc05b88      0x17c common/libcommon.o
 .text.netboot_common
                0x1fc05d04      0x27c common/libcommon.o
 .text.do_dhcp  0x1fc05f80        0xc common/libcommon.o
 .text.do_bootp
                0x1fc05f8c        0xc common/libcommon.o
 .text.do_tftpb
                0x1fc05f98        0xc common/libcommon.o
                0x1fc05f98                do_tftpb
 .text.do_ping  0x1fc05fa4       0x74 common/libcommon.o
 .text.do_env_delete
                0x1fc06018       0xa8 common/libcommon.o
 .text.env_print
                0x1fc060c0       0xc8 common/libcommon.o
 .text.do_env_print
                0x1fc06188       0xc8 common/libcommon.o
 .text.do_env   0x1fc06250       0x5c common/libcommon.o
 .text.do_env_import
                0x1fc062ac      0x264 common/libcommon.o
 .text.do_env_default
                0x1fc06510       0xb4 common/libcommon.o
 .text.do_env_save
                0x1fc065c4       0x2c common/libcommon.o
 .text._do_env_set.isra.0
                0x1fc065f0      0x1d8 common/libcommon.o
 .text.do_env_set
                0x1fc067c8       0x1c common/libcommon.o
 .text.do_env_ask
                0x1fc067e4      0x14c common/libcommon.o
                0x1fc067e4                do_env_ask
 .text.get_env_id
                0x1fc06930       0x10 common/libcommon.o
                0x1fc06930                get_env_id
 .text.setenv   0x1fc06940       0x60 common/libcommon.o
                0x1fc06940                setenv
 .text.setenv_ulong
                0x1fc069a0       0x20 common/libcommon.o
                0x1fc069a0                setenv_ulong
 .text.setenv_hex
                0x1fc069c0       0x34 common/libcommon.o
                0x1fc069c0                setenv_hex
 .text.do_env_export
                0x1fc069f4      0x26c common/libcommon.o
 .text.envmatch
                0x1fc06c60       0x6c common/libcommon.o
                0x1fc06c60                envmatch
 .text.getenv_f
                0x1fc06ccc       0xd0 common/libcommon.o
                0x1fc06ccc                getenv_f
 .text.getenv   0x1fc06d9c       0x78 common/libcommon.o
                0x1fc06d9c                getenv
 .text.do_env_edit
                0x1fc06e14       0x7c common/libcommon.o
 .text.getenv_ulong
                0x1fc06e90       0x30 common/libcommon.o
                0x1fc06e90                getenv_ulong
 .text.getenv_hex
                0x1fc06ec0       0x34 common/libcommon.o
                0x1fc06ec0                getenv_hex
 .text.bytes_per_second
                0x1fc06ef4       0x50 common/libcommon.o
 .text.do_spi_flash
                0x1fc06f44      0x744 common/libcommon.o
 .text.source   0x1fc07688      0x1b8 common/libcommon.o
                0x1fc07688                source
 .text.do_source
                0x1fc07840       0x6c common/libcommon.o
                0x1fc07840                do_source
 .text.do_spi   0x1fc078ac      0x268 common/libcommon.o
                0x1fc078ac                do_spi
 .text.do_false
                0x1fc07b14        0x8 common/libcommon.o
 .text.do_true  0x1fc07b1c        0x8 common/libcommon.o
 .text.do_test  0x1fc07b24      0x478 common/libcommon.o
 .text.do_version
                0x1fc07f9c       0x38 common/libcommon.o
 .text.do_imgextract
                0x1fc07fd4      0x398 common/libcommon.o
 .text.find_cmd_tbl
                0x1fc0836c       0xa4 common/libcommon.o
                0x1fc0836c                find_cmd_tbl
 .text.find_cmd
                0x1fc08410       0x28 common/libcommon.o
                0x1fc08410                find_cmd
 .text.cmd_usage
                0x1fc08438       0x5c common/libcommon.o
                0x1fc08438                cmd_usage
 .text._do_help
                0x1fc08494      0x184 common/libcommon.o
                0x1fc08494                _do_help
 .text.cmd_get_data_size
                0x1fc08618       0x50 common/libcommon.o
                0x1fc08618                cmd_get_data_size
 .text.cmd_process
                0x1fc08668       0xec common/libcommon.o
                0x1fc08668                cmd_process
 .text.console_setfile
                0x1fc08754       0xa0 common/libcommon.o
 .text.serial_printf
                0x1fc087f4       0x40 common/libcommon.o
                0x1fc087f4                serial_printf
 .text.fgetc    0x1fc08834       0x2c common/libcommon.o
                0x1fc08834                fgetc
 .text.ftstc    0x1fc08860       0x2c common/libcommon.o
                0x1fc08860                ftstc
 .text.fputc    0x1fc0888c       0x28 common/libcommon.o
                0x1fc0888c                fputc
 .text.getc     0x1fc088b4       0x24 common/libcommon.o
                0x1fc088b4                getc
 .text.tstc     0x1fc088d8       0x24 common/libcommon.o
                0x1fc088d8                tstc
 .text.putc     0x1fc088fc       0x28 common/libcommon.o
                0x1fc088fc                putc
 .text.puts     0x1fc08924       0x3c common/libcommon.o
                0x1fc08924                puts
 .text.printf   0x1fc08960       0x4c common/libcommon.o
                0x1fc08960                printf
 .text.vprintf  0x1fc089ac       0x40 common/libcommon.o
                0x1fc089ac                vprintf
 .text.ctrlc    0x1fc089ec       0x58 common/libcommon.o
                0x1fc089ec                ctrlc
 .text.had_ctrlc
                0x1fc08a44       0x10 common/libcommon.o
                0x1fc08a44                had_ctrlc
 .text.clear_ctrlc
                0x1fc08a54       0x14 common/libcommon.o
                0x1fc08a54                clear_ctrlc
 .text.search_device
                0x1fc08a68       0x30 common/libcommon.o
                0x1fc08a68                search_device
 .text.console_assign
                0x1fc08a98       0x48 common/libcommon.o
                0x1fc08a98                console_assign
 .text.on_console
                0x1fc08ae0       0xc4 common/libcommon.o
 .text.console_init_f
                0x1fc08ba4       0x10 common/libcommon.o
                0x1fc08ba4                console_init_f
 .text.stdio_print_current_devices
                0x1fc08bb4       0xb8 common/libcommon.o
                0x1fc08bb4                stdio_print_current_devices
 .text.console_init_r
                0x1fc08c6c      0x154 common/libcommon.o
                0x1fc08c6c                console_init_r
 .text.sbrk     0x1fc08dc0       0x70 common/libcommon.o
                0x1fc08dc0                sbrk
 .text.mem_malloc_init
                0x1fc08e30       0x34 common/libcommon.o
                0x1fc08e30                mem_malloc_init
 .text.malloc_trim
                0x1fc08e64       0xcc common/libcommon.o
                0x1fc08e64                malloc_trim
 .text.free     0x1fc08f30      0x228 common/libcommon.o
                0x1fc08f30                free
 .text.malloc   0x1fc09158      0x604 common/libcommon.o
                0x1fc09158                malloc
 .text.calloc   0x1fc0975c       0xd8 common/libcommon.o
                0x1fc0975c                calloc
 .text.memalign
                0x1fc09834      0x10c common/libcommon.o
                0x1fc09834                memalign
 .text.realloc  0x1fc09940      0x40c common/libcommon.o
                0x1fc09940                realloc
 .text.env_attr_walk
                0x1fc09d4c      0x120 common/libcommon.o
                0x1fc09d4c                env_attr_walk
 .text.env_attr_lookup
                0x1fc09e6c      0x190 common/libcommon.o
                0x1fc09e6c                env_attr_lookup
 .text.clear_callback
                0x1fc09ffc       0x10 common/libcommon.o
 .text.on_callbacks
                0x1fc0a00c       0x48 common/libcommon.o
 .text.set_callback
                0x1fc0a054       0xd8 common/libcommon.o
 .text.env_callback_init
                0x1fc0a12c       0xf0 common/libcommon.o
                0x1fc0a12c                env_callback_init
 .text.__env_get_char_spec
                0x1fc0a21c        0xc common/libcommon.o
                0x1fc0a21c                env_get_char_spec
 .text.env_get_addr
                0x1fc0a228       0x20 common/libcommon.o
                0x1fc0a228                env_get_addr
 .text.env_get_char_memory
                0x1fc0a248       0x10 common/libcommon.o
                0x1fc0a248                env_get_char_memory
 .text.env_get_char
                0x1fc0a258       0x30 common/libcommon.o
                0x1fc0a258                env_get_char
 .text.getenv_yesno
                0x1fc0a288       0x50 common/libcommon.o
                0x1fc0a288                getenv_yesno
 .text.getenv_default
                0x1fc0a2d8       0x30 common/libcommon.o
                0x1fc0a2d8                getenv_default
 .text.set_default_env
                0x1fc0a308       0xb8 common/libcommon.o
                0x1fc0a308                set_default_env
 .text.set_default_vars
                0x1fc0a3c0       0x34 common/libcommon.o
                0x1fc0a3c0                set_default_vars
 .text.env_import
                0x1fc0a3f4       0xdc common/libcommon.o
                0x1fc0a3f4                env_import
 .text.env_relocate
                0x1fc0a4d0       0x30 common/libcommon.o
                0x1fc0a4d0                env_relocate
 .text.skip_num
                0x1fc0a500       0x88 common/libcommon.o
 .text.clear_flags
                0x1fc0a588       0x10 common/libcommon.o
 .text.on_flags
                0x1fc0a598       0x48 common/libcommon.o
 .text.env_flags_parse_vartype
                0x1fc0a5e0       0x50 common/libcommon.o
                0x1fc0a5e0                env_flags_parse_vartype
 .text.env_flags_parse_varaccess
                0x1fc0a630       0x58 common/libcommon.o
                0x1fc0a630                env_flags_parse_varaccess
 .text.set_flags
                0x1fc0a688       0xac common/libcommon.o
 .text.env_flags_init
                0x1fc0a734       0xac common/libcommon.o
                0x1fc0a734                env_flags_init
 .text.env_flags_validate
                0x1fc0a7e0      0x318 common/libcommon.o
                0x1fc0a7e0                env_flags_validate
 .text.saveenv  0x1fc0aaf8      0x170 common/libcommon.o
                0x1fc0aaf8                saveenv
 .text.env_relocate_spec
                0x1fc0ac68       0xa8 common/libcommon.o
                0x1fc0ac68                env_relocate_spec
 .text.env_init
                0x1fc0ad10       0x1c common/libcommon.o
                0x1fc0ad10                env_init
 .text.dummy    0x1fc0ad2c        0x4 common/libcommon.o
 .text.get_version
                0x1fc0ad30        0x8 common/libcommon.o
                0x1fc0ad30                get_version
 .text.jumptable_init
                0x1fc0ad38      0x1c0 common/libcommon.o
                0x1fc0ad38                jumptable_init
 .text.get_cells_len
                0x1fc0aef8       0x3c common/libcommon.o
 .text.fdt_find_and_setprop
                0x1fc0af34       0x70 common/libcommon.o
                0x1fc0af34                fdt_find_and_setprop
 .text.fdt_initrd
                0x1fc0afa4      0x1bc common/libcommon.o
                0x1fc0afa4                fdt_initrd
 .text.fdt_chosen
                0x1fc0b160      0x108 common/libcommon.o
                0x1fc0b160                fdt_chosen
 .text.do_fixup_by_path
                0x1fc0b268       0x54 common/libcommon.o
                0x1fc0b268                do_fixup_by_path
 .text.fdt_fixup_memory_banks
                0x1fc0b2bc      0x210 common/libcommon.o
                0x1fc0b2bc                fdt_fixup_memory_banks
 .text.fdt_fixup_memory
                0x1fc0b4cc       0x20 common/libcommon.o
                0x1fc0b4cc                fdt_fixup_memory
 .text.fdt_fixup_ethernet
                0x1fc0b4ec      0x128 common/libcommon.o
                0x1fc0b4ec                fdt_fixup_ethernet
 .text.fdt_resize
                0x1fc0b614       0xd4 common/libcommon.o
                0x1fc0b614                fdt_resize
 .text.hash_command
                0x1fc0b6e8       0xa0 common/libcommon.o
                0x1fc0b6e8                hash_command
 .text.b_reset  0x1fc0b788       0x1c common/libcommon.o
 .text.static_get
                0x1fc0b7a4       0x1c common/libcommon.o
 .text.static_peek
                0x1fc0b7c0        0xc common/libcommon.o
 .text.file_peek
                0x1fc0b7cc        0xc common/libcommon.o
 .text.mapset   0x1fc0b7d8       0x24 common/libcommon.o
 .text.syntax_err
                0x1fc0b7fc        0xc common/libcommon.o
 .text.do_showvar
                0x1fc0b808       0xf4 common/libcommon.o
 .text.xmalloc  0x1fc0b8fc       0x20 common/libcommon.o
 .text.new_pipe
                0x1fc0b91c       0x28 common/libcommon.o
 .text.free_pipe_list
                0x1fc0b944       0xf4 common/libcommon.o
 .text.xrealloc
                0x1fc0ba38       0x20 common/libcommon.o
 .text.done_command
                0x1fc0ba58       0x88 common/libcommon.o
 .text.done_pipe
                0x1fc0bae0       0x4c common/libcommon.o
 .text.done_word
                0x1fc0bb2c      0x2b0 common/libcommon.o
 .text.is_assignment
                0x1fc0bddc       0x54 common/libcommon.o
 .text.file_get
                0x1fc0be30      0x1d0 common/libcommon.o
 .text.b_addchr
                0x1fc0c000       0x7c common/libcommon.o
 .text.b_addqchr
                0x1fc0c07c       0x50 common/libcommon.o
 .text.get_local_var
                0x1fc0c0cc       0x98 common/libcommon.o
                0x1fc0c0cc                get_local_var
 .text.set_local_var
                0x1fc0c164      0x1c0 common/libcommon.o
                0x1fc0c164                set_local_var
 .text.insert_var_value_sub
                0x1fc0c324      0x2b0 common/libcommon.o
 .text.parse_string_outer
                0x1fc0c5d4       0xf0 common/libcommon.o
                0x1fc0c5d4                parse_string_outer
 .text.run_list_real
                0x1fc0c6c4      0x7a4 common/libcommon.o
 .text.parse_stream_outer
                0x1fc0ce68      0x6cc common/libcommon.o
 .text.parse_file_outer
                0x1fc0d534       0x44 common/libcommon.o
                0x1fc0d534                parse_file_outer
 .text.u_boot_hush_start
                0x1fc0d578       0x54 common/libcommon.o
                0x1fc0d578                u_boot_hush_start
 .text.fdt_error
                0x1fc0d5cc       0x2c common/libcommon.o
 .text.boot_fdt_add_mem_rsv_regions
                0x1fc0d5f8       0x88 common/libcommon.o
                0x1fc0d5f8                boot_fdt_add_mem_rsv_regions
 .text.boot_relocate_fdt
                0x1fc0d680      0x194 common/libcommon.o
                0x1fc0d680                boot_relocate_fdt
 .text.boot_get_fdt
                0x1fc0d814      0x3a0 common/libcommon.o
                0x1fc0d814                boot_get_fdt
 .text.ft_verify_fdt
                0x1fc0dbb4        0x8 common/libcommon.o
                0x1fc0dbb4                ft_verify_fdt
 .text.image_setup_libfdt
                0x1fc0dbbc       0xd8 common/libcommon.o
                0x1fc0dbbc                image_setup_libfdt
 .text.fit_parse_conf
                0x1fc0dc94       0x64 common/libcommon.o
                0x1fc0dc94                fit_parse_conf
 .text.fit_parse_subimage
                0x1fc0dcf8       0x64 common/libcommon.o
                0x1fc0dcf8                fit_parse_subimage
 .text.fit_get_desc
                0x1fc0dd5c       0x2c common/libcommon.o
                0x1fc0dd5c                fit_get_desc
 .text.fit_image_get_node
                0x1fc0dd88       0x30 common/libcommon.o
                0x1fc0dd88                fit_image_get_node
 .text.fit_image_get_os
                0x1fc0ddb8       0x38 common/libcommon.o
                0x1fc0ddb8                fit_image_get_os
 .text.fit_image_get_arch
                0x1fc0ddf0       0x38 common/libcommon.o
                0x1fc0ddf0                fit_image_get_arch
 .text.fit_image_get_type
                0x1fc0de28       0x38 common/libcommon.o
                0x1fc0de28                fit_image_get_type
 .text.fit_image_get_comp
                0x1fc0de60       0x38 common/libcommon.o
                0x1fc0de60                fit_image_get_comp
 .text.fit_image_get_load
                0x1fc0de98       0x34 common/libcommon.o
                0x1fc0de98                fit_image_get_load
 .text.fit_image_get_entry
                0x1fc0decc       0x34 common/libcommon.o
                0x1fc0decc                fit_image_get_entry
 .text.fit_image_get_data
                0x1fc0df00       0x3c common/libcommon.o
                0x1fc0df00                fit_image_get_data
 .text.fit_image_hash_get_algo
                0x1fc0df3c       0x2c common/libcommon.o
                0x1fc0df3c                fit_image_hash_get_algo
 .text.fit_image_hash_get_value
                0x1fc0df68       0x3c common/libcommon.o
                0x1fc0df68                fit_image_hash_get_value
 .text.fit_image_print_data
                0x1fc0dfa4      0x140 common/libcommon.o
 .text.fit_image_print
                0x1fc0e0e4      0x32c common/libcommon.o
                0x1fc0e0e4                fit_image_print
 .text.calculate_hash
                0x1fc0e410       0xd0 common/libcommon.o
                0x1fc0e410                calculate_hash
 .text.fit_image_verify
                0x1fc0e4e0      0x21c common/libcommon.o
                0x1fc0e4e0                fit_image_verify
 .text.fit_all_image_verify
                0x1fc0e6fc       0xe0 common/libcommon.o
                0x1fc0e6fc                fit_all_image_verify
 .text.fit_image_check_os
                0x1fc0e7dc       0x34 common/libcommon.o
                0x1fc0e7dc                fit_image_check_os
 .text.fit_image_check_arch
                0x1fc0e810       0x34 common/libcommon.o
                0x1fc0e810                fit_image_check_arch
 .text.fit_image_check_type
                0x1fc0e844       0x34 common/libcommon.o
                0x1fc0e844                fit_image_check_type
 .text.fit_image_check_comp
                0x1fc0e878       0x34 common/libcommon.o
                0x1fc0e878                fit_image_check_comp
 .text.fit_check_format
                0x1fc0e8ac       0x40 common/libcommon.o
                0x1fc0e8ac                fit_check_format
 .text.fit_conf_get_node
                0x1fc0e8ec       0x68 common/libcommon.o
                0x1fc0e8ec                fit_conf_get_node
 .text.fit_conf_get_prop_node
                0x1fc0e954       0x28 common/libcommon.o
                0x1fc0e954                fit_conf_get_prop_node
 .text.fit_conf_print
                0x1fc0e97c      0x104 common/libcommon.o
                0x1fc0e97c                fit_conf_print
 .text.fit_print_contents
                0x1fc0ea80      0x1e8 common/libcommon.o
                0x1fc0ea80                fit_print_contents
 .text.fit_image_select
                0x1fc0ec68       0x6c common/libcommon.o
                0x1fc0ec68                fit_image_select
 .text.fit_get_node_from_config
                0x1fc0ecd4       0x44 common/libcommon.o
                0x1fc0ecd4                fit_get_node_from_config
 .text.fit_image_load
                0x1fc0ed18      0x488 common/libcommon.o
                0x1fc0ed18                fit_image_load
 .text.on_loadaddr
                0x1fc0f1a0       0x38 common/libcommon.o
 .text.image_check_hcrc
                0x1fc0f1d8       0x4c common/libcommon.o
                0x1fc0f1d8                image_check_hcrc
 .text.image_check_dcrc
                0x1fc0f224       0x38 common/libcommon.o
                0x1fc0f224                image_check_dcrc
 .text.image_multi_count
                0x1fc0f25c       0x20 common/libcommon.o
                0x1fc0f25c                image_multi_count
 .text.image_multi_getimg
                0x1fc0f27c       0x80 common/libcommon.o
                0x1fc0f27c                image_multi_getimg
 .text.getenv_bootm_low
                0x1fc0f2fc       0x28 common/libcommon.o
                0x1fc0f2fc                getenv_bootm_low
 .text.getenv_bootm_size
                0x1fc0f324       0x60 common/libcommon.o
                0x1fc0f324                getenv_bootm_size
 .text.getenv_bootm_mapsize
                0x1fc0f384       0x30 common/libcommon.o
                0x1fc0f384                getenv_bootm_mapsize
 .text.memmove_wd
                0x1fc0f3b4        0xc common/libcommon.o
                0x1fc0f3b4                memmove_wd
 .text.genimg_print_size
                0x1fc0f3c0       0x30 common/libcommon.o
                0x1fc0f3c0                genimg_print_size
 .text.get_table_entry_name
                0x1fc0f3f0       0x2c common/libcommon.o
                0x1fc0f3f0                get_table_entry_name
 .text.genimg_get_os_name
                0x1fc0f41c       0x18 common/libcommon.o
                0x1fc0f41c                genimg_get_os_name
 .text.genimg_get_arch_name
                0x1fc0f434       0x18 common/libcommon.o
                0x1fc0f434                genimg_get_arch_name
 .text.genimg_get_type_name
                0x1fc0f44c       0x18 common/libcommon.o
                0x1fc0f44c                genimg_get_type_name
 .text.genimg_get_comp_name
                0x1fc0f464       0x18 common/libcommon.o
                0x1fc0f464                genimg_get_comp_name
 .text.image_print_contents
                0x1fc0f47c      0x170 common/libcommon.o
                0x1fc0f47c                image_print_contents
 .text.get_table_entry_id
                0x1fc0f5ec       0x50 common/libcommon.o
                0x1fc0f5ec                get_table_entry_id
 .text.genimg_get_os_id
                0x1fc0f63c       0x18 common/libcommon.o
                0x1fc0f63c                genimg_get_os_id
 .text.genimg_get_arch_id
                0x1fc0f654       0x18 common/libcommon.o
                0x1fc0f654                genimg_get_arch_id
 .text.genimg_get_type_id
                0x1fc0f66c       0x18 common/libcommon.o
                0x1fc0f66c                genimg_get_type_id
 .text.genimg_get_comp_id
                0x1fc0f684       0x18 common/libcommon.o
                0x1fc0f684                genimg_get_comp_id
 .text.genimg_get_format
                0x1fc0f69c       0x38 common/libcommon.o
                0x1fc0f69c                genimg_get_format
 .text.genimg_get_image
                0x1fc0f6d4        0x4 common/libcommon.o
                0x1fc0f6d4                genimg_get_image
 .text.genimg_has_config
                0x1fc0f6d8       0x10 common/libcommon.o
                0x1fc0f6d8                genimg_has_config
 .text.boot_get_ramdisk
                0x1fc0f6e8      0x354 common/libcommon.o
                0x1fc0f6e8                boot_get_ramdisk
 .text.boot_ramdisk_high
                0x1fc0fa3c      0x140 common/libcommon.o
                0x1fc0fa3c                boot_ramdisk_high
 .text.image_setup_linux
                0x1fc0fb7c       0x88 common/libcommon.o
                0x1fc0fb7c                image_setup_linux
 .text.delete_char.part.1
                0x1fc0fc04       0xd4 common/libcommon.o
 .text.cread_add_char
                0x1fc0fcd8       0xec common/libcommon.o
 .text.__show_boot_progress
                0x1fc0fdc4        0x4 common/libcommon.o
                0x1fc0fdc4                __show_boot_progress
                0x1fc0fdc4                show_boot_progress
 .text.readline_into_buffer
                0x1fc0fdc8      0x8fc common/libcommon.o
                0x1fc0fdc8                readline_into_buffer
 .text.readline
                0x1fc106c4       0x14 common/libcommon.o
                0x1fc106c4                readline
 .text.run_command
                0x1fc106d8        0x8 common/libcommon.o
                0x1fc106d8                run_command
 .text.run_command_list
                0x1fc106e0       0x5c common/libcommon.o
                0x1fc106e0                run_command_list
 .text.main_loop
                0x1fc1073c      0x128 common/libcommon.o
                0x1fc1073c                main_loop
 .text.do_run   0x1fc10864       0x74 common/libcommon.o
                0x1fc10864                do_run
 .text.legacy_miiphy_read
                0x1fc108d8       0x30 common/libcommon.o
 .text.legacy_miiphy_write
                0x1fc10908       0x24 common/libcommon.o
 .text.miiphy_get_dev_by_name
                0x1fc1092c       0x5c common/libcommon.o
                0x1fc1092c                miiphy_get_dev_by_name
 .text.miiphy_init
                0x1fc10988       0x24 common/libcommon.o
                0x1fc10988                miiphy_init
 .text.mdio_alloc
                0x1fc109ac       0x30 common/libcommon.o
                0x1fc109ac                mdio_alloc
 .text.miiphy_register
                0x1fc109dc      0x108 common/libcommon.o
                0x1fc109dc                miiphy_register
 .text.hex1_bin
                0x1fc10ae4       0x40 common/libcommon.o
 .text.hex2_bin
                0x1fc10b24       0x38 common/libcommon.o
 .text.srec_decode
                0x1fc10b5c      0x25c common/libcommon.o
                0x1fc10b5c                srec_decode
 .text.stdio_get_list
                0x1fc10db8        0xc common/libcommon.o
                0x1fc10db8                stdio_get_list
 .text.stdio_get_by_name
                0x1fc10dc4       0x50 common/libcommon.o
                0x1fc10dc4                stdio_get_by_name
 .text.stdio_clone
                0x1fc10e14       0x3c common/libcommon.o
                0x1fc10e14                stdio_clone
 .text.stdio_register
                0x1fc10e50       0x44 common/libcommon.o
                0x1fc10e50                stdio_register
 .text.stdio_init
                0x1fc10e94       0x90 common/libcommon.o
                0x1fc10e94                stdio_init
 .text.CYGACC_COMM_IF_GETC_TIMEOUT.isra.1
                0x1fc10f24       0x4c common/libcommon.o
 .text.xyzModem_flush
                0x1fc10f70       0x18 common/libcommon.o
 .text.xyzModem_get_hdr
                0x1fc10f88      0x250 common/libcommon.o
 .text.xyzModem_stream_open
                0x1fc111d8      0x254 common/libcommon.o
                0x1fc111d8                xyzModem_stream_open
 .text.xyzModem_stream_read
                0x1fc1142c      0x254 common/libcommon.o
                0x1fc1142c                xyzModem_stream_read
 .text.xyzModem_stream_close
                0x1fc11680       0x50 common/libcommon.o
                0x1fc11680                xyzModem_stream_close
 .text.xyzModem_stream_terminate
                0x1fc116d0       0x94 common/libcommon.o
                0x1fc116d0                xyzModem_stream_terminate
 .text.xyzModem_error
                0x1fc11764       0x20 common/libcommon.o
                0x1fc11764                xyzModem_error
 .text.get_dev  0x1fc11784       0x64 disk/libdisk.o
                0x1fc11784                get_dev
 .text.dev_print
                0x1fc117e8      0x21c disk/libdisk.o
                0x1fc117e8                dev_print
 .text.init_part
                0x1fc11a04       0x20 disk/libdisk.o
                0x1fc11a04                init_part
 .text.print_part
                0x1fc11a24       0xe8 disk/libdisk.o
                0x1fc11a24                print_part
 .text.get_partition_info
                0x1fc11b0c       0x2c disk/libdisk.o
                0x1fc11b0c                get_partition_info
 .text.get_device
                0x1fc11b38       0x80 disk/libdisk.o
                0x1fc11b38                get_device
 .text.get_device_and_partition
                0x1fc11bb8      0x450 disk/libdisk.o
                0x1fc11bb8                get_device_and_partition
 .text.test_block_type
                0x1fc12008       0x7c disk/libdisk.o
 .text.print_partition_extended
                0x1fc12084      0x268 disk/libdisk.o
 .text.get_partition_info_extended.constprop.2
                0x1fc122ec      0x2a8 disk/libdisk.o
 .text.test_part_dos
                0x1fc12594       0x64 disk/libdisk.o
                0x1fc12594                test_part_dos
 .text.print_part_dos
                0x1fc125f8       0x30 disk/libdisk.o
                0x1fc125f8                print_part_dos
 .text.get_partition_info_dos
                0x1fc12628       0x1c disk/libdisk.o
                0x1fc12628                get_partition_info_dos
 .text.fpga_no_sup
                0x1fc12644       0x4c drivers/fpga/libfpga.o
 .text.fpga_dev_info
                0x1fc12690       0xac drivers/fpga/libfpga.o
 .text.fpga_validate
                0x1fc1273c       0x68 drivers/fpga/libfpga.o
                0x1fc1273c                fpga_validate
 .text.fpga_init
                0x1fc127a4       0x20 drivers/fpga/libfpga.o
                0x1fc127a4                fpga_init
 .text.fpga_count
                0x1fc127c4       0x10 drivers/fpga/libfpga.o
                0x1fc127c4                fpga_count
 .text.fpga_add
                0x1fc127d4       0xa0 drivers/fpga/libfpga.o
                0x1fc127d4                fpga_add
 .text.fpga_loadbitstream
                0x1fc12874      0x27c drivers/fpga/libfpga.o
                0x1fc1288c                fpga_loadbitstream
 .text.fpga_load
                0x1fc12af0       0x8c drivers/fpga/libfpga.o
                0x1fc12af0                fpga_load
 .text.fpga_dump
                0x1fc12b7c       0x8c drivers/fpga/libfpga.o
                0x1fc12b7c                fpga_dump
 .text.fpga_info
                0x1fc12c08       0x78 drivers/fpga/libfpga.o
                0x1fc12c08                fpga_info
 .text.load_word
                0x1fc12c80       0x48 drivers/fpga/libfpga.o
 .text.zynq_info
                0x1fc12cc8        0x8 drivers/fpga/libfpga.o
                0x1fc12cc8                zynq_info
 .text.zynq_load
                0x1fc12cd0      0x3d8 drivers/fpga/libfpga.o
                0x1fc12cd0                zynq_load
 .text.zynq_dump
                0x1fc130a8        0x8 drivers/fpga/libfpga.o
                0x1fc130a8                zynq_dump
 .text.xilinx_validate
                0x1fc130b0       0x78 drivers/fpga/libfpga.o
 .text.xilinx_load
                0x1fc13128       0xac drivers/fpga/libfpga.o
                0x1fc13128                xilinx_load
 .text.xilinx_dump
                0x1fc131d4       0xac drivers/fpga/libfpga.o
                0x1fc131d4                xilinx_dump
 .text.xilinx_info
                0x1fc13280      0x20c drivers/fpga/libfpga.o
                0x1fc13280                xilinx_info
 .text.mmc_set_ios
                0x1fc1348c       0x10 drivers/mmc/libmmc.o
 .text.mmc_send_cmd
                0x1fc1349c       0x3c drivers/mmc/libmmc.o
 .text.mmc_send_ext_csd
                0x1fc134d8       0x4c drivers/mmc/libmmc.o
 .text.mmc_go_idle
                0x1fc13524       0x4c drivers/mmc/libmmc.o
 .text.mmc_send_op_cond_iter
                0x1fc13570       0x88 drivers/mmc/libmmc.o
 .text.mmc_set_capacity
                0x1fc135f8       0xa4 drivers/mmc/libmmc.o
 .text.mmc_send_status.constprop.6
                0x1fc1369c       0xcc drivers/mmc/libmmc.o
 .text.mmc_switch.isra.1
                0x1fc13768       0x50 drivers/mmc/libmmc.o
 .text.board_mmc_getwp
                0x1fc137b8        0x8 drivers/mmc/libmmc.o
                0x1fc137b8                board_mmc_getwp
 .text.mmc_getwp
                0x1fc137c0       0x34 drivers/mmc/libmmc.o
                0x1fc137c0                mmc_getwp
 .text.__board_mmc_getcd
                0x1fc137f4        0x8 drivers/mmc/libmmc.o
                0x1fc137f4                __board_mmc_getcd
                0x1fc137f4                board_mmc_getcd
 .text.find_mmc_device
                0x1fc137fc       0x4c drivers/mmc/libmmc.o
                0x1fc137fc                find_mmc_device
 .text.mmc_berase
                0x1fc13848      0x194 drivers/mmc/libmmc.o
 .text.mmc_bwrite
                0x1fc139dc      0x194 drivers/mmc/libmmc.o
 .text.mmc_bread
                0x1fc13b70      0x164 drivers/mmc/libmmc.o
 .text.mmc_send_op_cond
                0x1fc13cd4       0x6c drivers/mmc/libmmc.o
                0x1fc13cd4                mmc_send_op_cond
 .text.mmc_complete_op_cond
                0x1fc13d40       0xcc drivers/mmc/libmmc.o
                0x1fc13d40                mmc_complete_op_cond
 .text.mmc_switch_part
                0x1fc13e0c       0x4c drivers/mmc/libmmc.o
                0x1fc13e0c                mmc_switch_part
 .text.mmc_getcd
                0x1fc13e58       0x34 drivers/mmc/libmmc.o
                0x1fc13e58                mmc_getcd
 .text.mmc_set_clock
                0x1fc13e8c       0x20 drivers/mmc/libmmc.o
                0x1fc13e8c                mmc_set_clock
 .text.mmc_startup
                0x1fc13eac      0xafc drivers/mmc/libmmc.o
 .text.mmc_register
                0x1fc149a8       0x88 drivers/mmc/libmmc.o
                0x1fc149a8                mmc_register
 .text.mmc_start_init
                0x1fc14a30      0x24c drivers/mmc/libmmc.o
                0x1fc14a30                mmc_start_init
 .text.mmc_init
                0x1fc14c7c       0x98 drivers/mmc/libmmc.o
                0x1fc14c7c                mmc_init
 .text.mmc_get_dev
                0x1fc14d14       0x2c drivers/mmc/libmmc.o
                0x1fc14d14                mmc_get_dev
 .text.__def_mmc_init
                0x1fc14d40        0x8 drivers/mmc/libmmc.o
                0x1fc14d40                cpu_mmc_init
 .text.print_mmc_devices
                0x1fc14d48       0x64 drivers/mmc/libmmc.o
                0x1fc14d48                print_mmc_devices
 .text.get_mmc_num
                0x1fc14dac       0x10 drivers/mmc/libmmc.o
                0x1fc14dac                get_mmc_num
 .text.mmc_initialize
                0x1fc14dbc       0x78 drivers/mmc/libmmc.o
                0x1fc14dbc                mmc_initialize
 .text.sdhci_reset
                0x1fc14e34       0x54 drivers/mmc/libmmc.o
 .text.sdhci_set_ios
                0x1fc14e88      0x1b8 drivers/mmc/libmmc.o
                0x1fc14e88                sdhci_set_ios
 .text.sdhci_init
                0x1fc15040      0x190 drivers/mmc/libmmc.o
                0x1fc15040                sdhci_init
 .text.sdhci_send_command
                0x1fc151d0      0x36c drivers/mmc/libmmc.o
                0x1fc151d0                sdhci_send_command
 .text.add_sdhci
                0x1fc1553c      0x190 drivers/mmc/libmmc.o
                0x1fc1553c                add_sdhci
 .text.zynq_sdhci_init
                0x1fc156cc       0x6c drivers/mmc/libmmc.o
                0x1fc156cc                zynq_sdhci_init
 .text.spi_flash_get_status
                0x1fc15738       0xa4 drivers/mtd/spi/libspi_flash.o
 .text.spi_flash_read_write
                0x1fc157dc       0x98 drivers/mtd/spi/libspi_flash.o
 .text.spi_flash_cmd_read
                0x1fc15874       0x1c drivers/mtd/spi/libspi_flash.o
                0x1fc15874                spi_flash_cmd_read
 .text.spi_flash_cmd
                0x1fc15890       0x2c drivers/mtd/spi/libspi_flash.o
                0x1fc15890                spi_flash_cmd
 .text.spi_flash_cmd_write
                0x1fc158bc       0x1c drivers/mtd/spi/libspi_flash.o
                0x1fc158bc                spi_flash_cmd_write
 .text.spi_flash_cmd_wait_ready
                0x1fc158d8       0x80 drivers/mtd/spi/libspi_flash.o
                0x1fc158d8                spi_flash_cmd_wait_ready
 .text.spi_flash_write_common
                0x1fc15958       0x98 drivers/mtd/spi/libspi_flash.o
                0x1fc15958                spi_flash_write_common
 .text.spi_flash_read_common
                0x1fc159f0       0x58 drivers/mtd/spi/libspi_flash.o
                0x1fc159f0                spi_flash_read_common
 .text.spi_flash_cmd_write_config
                0x1fc15a48       0x6c drivers/mtd/spi/libspi_flash.o
                0x1fc15a48                spi_flash_cmd_write_config
 .text.spi_flash_set_qeb
                0x1fc15ab4       0x60 drivers/mtd/spi/libspi_flash.o
                0x1fc15ab4                spi_flash_set_qeb
 .text.spi_flash_cmd_bankaddr_write
                0x1fc15b14       0x54 drivers/mtd/spi/libspi_flash.o
                0x1fc15b14                spi_flash_cmd_bankaddr_write
 .text.spi_flash_cmd_read_fast
                0x1fc15b68      0x17c drivers/mtd/spi/libspi_flash.o
                0x1fc15b68                spi_flash_cmd_read_fast
 .text.spi_flash_cmd_write_multi
                0x1fc15ce4      0x138 drivers/mtd/spi/libspi_flash.o
                0x1fc15ce4                spi_flash_cmd_write_multi
 .text.spi_flash_cmd_erase
                0x1fc15e1c      0x114 drivers/mtd/spi/libspi_flash.o
                0x1fc15e1c                spi_flash_cmd_erase
 .text.spi_flash_bank_config
                0x1fc15f30       0xec drivers/mtd/spi/libspi_flash.o
                0x1fc15f30                spi_flash_bank_config
 .text.spi_flash_probe
                0x1fc1601c      0x188 drivers/mtd/spi/libspi_flash.o
                0x1fc1601c                spi_flash_probe
 .text.spi_flash_do_alloc
                0x1fc161a4       0x7c drivers/mtd/spi/libspi_flash.o
                0x1fc161a4                spi_flash_do_alloc
 .text.spi_flash_free
                0x1fc16220       0x1c drivers/mtd/spi/libspi_flash.o
                0x1fc16220                spi_flash_free
 .text.generic_fls.part.0
                0x1fc1623c       0xe4 drivers/mtd/spi/libspi_flash.o
 .text.spi_flash_probe_spansion
                0x1fc16320      0x140 drivers/mtd/spi/libspi_flash.o
                0x1fc16320                spi_flash_probe_spansion
 .text.spi_flash_probe_stmicro
                0x1fc16460      0x188 drivers/mtd/spi/libspi_flash.o
                0x1fc16460                spi_flash_probe_stmicro
 .text.spi_flash_probe_winbond
                0x1fc165e8      0x12c drivers/mtd/spi/libspi_flash.o
                0x1fc165e8                spi_flash_probe_winbond
 .text.nc_wait_arp_handler
                0x1fc16714       0x14 drivers/net/libnet.o
 .text.nc_handler
                0x1fc16728       0x24 drivers/net/libnet.o
 .text.nc_timeout
                0x1fc1674c       0x14 drivers/net/libnet.o
 .text.nc_getc  0x1fc16760       0x88 drivers/net/libnet.o
 .text.nc_send_packet
                0x1fc167e8      0x158 drivers/net/libnet.o
 .text.nc_putc  0x1fc16940       0x34 drivers/net/libnet.o
 .text.is_broadcast
                0x1fc16974       0xa0 drivers/net/libnet.o
 .text.nc_tstc  0x1fc16a14       0x98 drivers/net/libnet.o
 .text.nc_puts  0x1fc16aac       0x64 drivers/net/libnet.o
 .text.refresh_settings_from_env
                0x1fc16b10      0x118 drivers/net/libnet.o
 .text.nc_start
                0x1fc16c28       0x38 drivers/net/libnet.o
 .text.NcStart  0x1fc16c60       0xdc drivers/net/libnet.o
                0x1fc16c60                NcStart
 .text.nc_input_packet
                0x1fc16d3c       0xe4 drivers/net/libnet.o
                0x1fc16d3c                nc_input_packet
 .text.drv_nc_init
                0x1fc16e20       0x84 drivers/net/libnet.o
                0x1fc16e20                drv_nc_init
 .text.zynq_gem_setup_mac
                0x1fc16ea4       0x70 drivers/net/libnet.o
 .text.zynq_gem_halt
                0x1fc16f14       0x14 drivers/net/libnet.o
 .text.phy_setup_op
                0x1fc16f28       0xa8 drivers/net/libnet.o
 .text.zynq_gem_miiphy_write
                0x1fc16fd0       0x2c drivers/net/libnet.o
 .text.zynq_gem_recv
                0x1fc16ffc       0xd8 drivers/net/libnet.o
 .text.zynq_gem_send
                0x1fc170d4       0xb0 drivers/net/libnet.o
 .text.zynq_gem_init
                0x1fc17184      0x268 drivers/net/libnet.o
 .text.zynq_gem_miiphyread
                0x1fc173ec       0x20 drivers/net/libnet.o
 .text.zynq_gem_initialize
                0x1fc1740c      0x128 drivers/net/libnet.o
                0x1fc1740c                zynq_gem_initialize
 .text.genphy_shutdown
                0x1fc17534        0x8 drivers/net/phy/libphy.o
                0x1fc17534                genphy_shutdown
 .text.generic_ffs.part.0
                0x1fc1753c       0x48 drivers/net/phy/libphy.o
 .text.phy_device_create
                0x1fc17584       0xe4 drivers/net/phy/libphy.o
 .text.get_phy_device_by_mask
                0x1fc17668      0x17c drivers/net/phy/libphy.o
 .text.genphy_restart_aneg
                0x1fc177e4       0x54 drivers/net/phy/libphy.o
                0x1fc177e4                genphy_restart_aneg
 .text.genphy_config_aneg
                0x1fc17838      0x1e8 drivers/net/phy/libphy.o
                0x1fc17838                genphy_config_aneg
 .text.genphy_config
                0x1fc17a20       0xb4 drivers/net/phy/libphy.o
                0x1fc17a20                genphy_config
 .text.genphy_update_link
                0x1fc17ad4      0x13c drivers/net/phy/libphy.o
                0x1fc17ad4                genphy_update_link
 .text.genphy_parse_link
                0x1fc17c10      0x18c drivers/net/phy/libphy.o
                0x1fc17c10                genphy_parse_link
 .text.genphy_startup
                0x1fc17d9c       0x1c drivers/net/phy/libphy.o
                0x1fc17d9c                genphy_startup
 .text.phy_init
                0x1fc17db8       0x10 drivers/net/phy/libphy.o
                0x1fc17db8                phy_init
 .text.phy_register
                0x1fc17dc8       0x28 drivers/net/phy/libphy.o
                0x1fc17dc8                phy_register
 .text.phy_reset
                0x1fc17df0       0xa8 drivers/net/phy/libphy.o
                0x1fc17df0                phy_reset
 .text.phy_find_by_mask
                0x1fc17e98       0x3c drivers/net/phy/libphy.o
                0x1fc17e98                phy_find_by_mask
 .text.phy_connect_dev
                0x1fc17ed4       0x40 drivers/net/phy/libphy.o
                0x1fc17ed4                phy_connect_dev
 .text.phy_connect
                0x1fc17f14       0x50 drivers/net/phy/libphy.o
                0x1fc17f14                phy_connect
 .text.phy_startup
                0x1fc17f64       0x24 drivers/net/phy/libphy.o
                0x1fc17f64                phy_startup
 .text.__board_phy_config
                0x1fc17f88       0x24 drivers/net/phy/libphy.o
                0x1fc17f88                board_phy_config
 .text.phy_config
                0x1fc17fac       0x10 drivers/net/phy/libphy.o
                0x1fc17fac                phy_config
 .text.m88e1011s_config
                0x1fc17fbc       0xf4 drivers/net/phy/libphy.o
 .text.m88e1121_config
                0x1fc180b0       0xc8 drivers/net/phy/libphy.o
 .text.m88e1111s_config
                0x1fc18178      0x32c drivers/net/phy/libphy.o
 .text.m88e1118_config
                0x1fc184a4       0xc0 drivers/net/phy/libphy.o
 .text.m88e1145_config
                0x1fc18564      0x108 drivers/net/phy/libphy.o
 .text.m88e1149_config
                0x1fc1866c       0xc0 drivers/net/phy/libphy.o
 .text.m88e1310_config
                0x1fc1872c      0x164 drivers/net/phy/libphy.o
 .text.m88e1xxx_parse_status
                0x1fc18890      0x114 drivers/net/phy/libphy.o
 .text.m88e1118_startup
                0x1fc189a4       0x40 drivers/net/phy/libphy.o
 .text.m88e1145_startup
                0x1fc189e4       0x3c drivers/net/phy/libphy.o
 .text.m88e1011s_startup
                0x1fc18a20       0x1c drivers/net/phy/libphy.o
 .text.phy_marvell_init
                0x1fc18a3c       0x78 drivers/net/phy/libphy.o
                0x1fc18a3c                phy_marvell_init
 .text.get_current
                0x1fc18ab4       0x3c drivers/serial/libserial.o
 .text.serial_null
                0x1fc18af0        0x4 drivers/serial/libserial.o
                0x1fc18af0                jz_serial_initialize
                0x1fc18af0                bfin_serial_initialize
                0x1fc18af0                p3mx_serial_initialize
                0x1fc18af0                leon2_serial_initialize
                0x1fc18af0                leon3_serial_initialize
                0x1fc18af0                amirix_serial_initialize
                0x1fc18af0                marvell_serial_initialize
                0x1fc18af0                cpci750_serial_initialize
                0x1fc18af0                ns16550_serial_initialize
                0x1fc18af0                asc_serial_initialize
                0x1fc18af0                altera_serial_initialize
                0x1fc18af0                oc_serial_initialize
                0x1fc18af0                sh_serial_initialize
                0x1fc18af0                arm_dcc_initialize
                0x1fc18af0                bmw_serial_initialize
                0x1fc18af0                mcf_serial_initialize
                0x1fc18af0                lh7a40x_serial_initialize
                0x1fc18af0                evb64260_serial_initialize
                0x1fc18af0                lpc32xx_serial_initialize
                0x1fc18af0                max3100_serial_initialize
                0x1fc18af0                mpc85xx_serial_initialize
                0x1fc18af0                imx_serial_initialize
                0x1fc18af0                ixp_serial_initialize
                0x1fc18af0                bfin_jtag_initialize
                0x1fc18af0                cogent_serial_initialize
                0x1fc18af0                clps7111_serial_initialize
                0x1fc18af0                ml2_serial_initialize
                0x1fc18af0                sandbox_serial_initialize
                0x1fc18af0                s3c24xx_serial_initialize
                0x1fc18af0                sconsole_serial_initialize
                0x1fc18af0                uartlite_serial_initialize
                0x1fc18af0                au1x00_serial_initialize
                0x1fc18af0                pxa_serial_initialize
                0x1fc18af0                atmel_serial_initialize
                0x1fc18af0                pl01x_serial_initialize
                0x1fc18af0                altera_jtag_serial_initialize
                0x1fc18af0                mpc512x_serial_initialize
                0x1fc18af0                s5p_serial_initialize
                0x1fc18af0                ks8695_serial_initialize
                0x1fc18af0                sa1100_serial_initialize
                0x1fc18af0                mpc8260_scc_serial_initialize
                0x1fc18af0                mxc_serial_initialize
                0x1fc18af0                iop480_serial_initialize
                0x1fc18af0                s3c44b0_serial_initialize
                0x1fc18af0                mpc8xx_serial_initialize
                0x1fc18af0                mpc8260_smc_serial_initialize
                0x1fc18af0                mpc5xx_serial_initialize
 .text.serial_register
                0x1fc18af4       0x18 drivers/serial/libserial.o
                0x1fc18af4                serial_register
 .text.serial_stdio_init
                0x1fc18b0c       0x8c drivers/serial/libserial.o
                0x1fc18b0c                serial_stdio_init
 .text.serial_assign
                0x1fc18b98       0x50 drivers/serial/libserial.o
                0x1fc18b98                serial_assign
 .text.serial_initialize
                0x1fc18be8       0xd0 drivers/serial/libserial.o
                0x1fc18be8                serial_initialize
 .text.serial_init
                0x1fc18cb8       0x14 drivers/serial/libserial.o
                0x1fc18cb8                serial_init
 .text.serial_setbrg
                0x1fc18ccc       0x14 drivers/serial/libserial.o
                0x1fc18ccc                serial_setbrg
 .text.on_baudrate
                0x1fc18ce0       0xf0 drivers/serial/libserial.o
 .text.serial_getc
                0x1fc18dd0       0x14 drivers/serial/libserial.o
                0x1fc18dd0                serial_getc
 .text.serial_tstc
                0x1fc18de4       0x14 drivers/serial/libserial.o
                0x1fc18de4                serial_tstc
 .text.serial_putc
                0x1fc18df8       0x1c drivers/serial/libserial.o
                0x1fc18df8                serial_putc
 .text.serial_puts
                0x1fc18e14       0x1c drivers/serial/libserial.o
                0x1fc18e14                serial_puts
 .text.uart_zynq_serial_setbrg
                0x1fc18e30       0xa4 drivers/serial/libserial.o
 .text.uart_zynq_serial_putc
                0x1fc18ed4       0x40 drivers/serial/libserial.o
 .text.uart_zynq0_setbrg
                0x1fc18f14        0x8 drivers/serial/libserial.o
                0x1fc18f14                uart_zynq0_setbrg
 .text.uart_zynq0_putc
                0x1fc18f1c        0x8 drivers/serial/libserial.o
                0x1fc18f1c                uart_zynq0_putc
 .text.uart_zynq0_tstc
                0x1fc18f24       0x18 drivers/serial/libserial.o
                0x1fc18f24                uart_zynq0_tstc
 .text.uart_zynq0_init
                0x1fc18f3c       0x2c drivers/serial/libserial.o
                0x1fc18f3c                uart_zynq0_init
 .text.uart_zynq0_getc
                0x1fc18f68       0x20 drivers/serial/libserial.o
                0x1fc18f68                uart_zynq0_getc
 .text.uart_zynq0_puts
                0x1fc18f88       0x24 drivers/serial/libserial.o
                0x1fc18f88                uart_zynq0_puts
 .text.default_serial_console
                0x1fc18fac        0xc drivers/serial/libserial.o
                0x1fc18fac                default_serial_console
 .text.zynq_serial_initalize
                0x1fc18fb8        0xc drivers/serial/libserial.o
                0x1fc18fb8                zynq_serial_initalize
 .text.spi_do_alloc_slave
                0x1fc18fc4       0x44 drivers/spi/libspi.o
                0x1fc18fc4                spi_do_alloc_slave
 .text.zynq_qspi_copy_write_data
                0x1fc19008       0xf8 drivers/spi/libspi.o
 .text.zynq_qspi_fill_tx_fifo
                0x1fc19100       0xb8 drivers/spi/libspi.o
 .text.zynq_qspi_copy_read_data
                0x1fc191b8       0xb4 drivers/spi/libspi.o
 .text.zynq_qspi_setup_transfer
                0x1fc1926c       0xb0 drivers/spi/libspi.o
 .text.spi_init
                0x1fc1931c        0x4 drivers/spi/libspi.o
                0x1fc1931c                spi_init
 .text.spi_setup_slave
                0x1fc19320      0x1f0 drivers/spi/libspi.o
                0x1fc19320                spi_setup_slave
 .text.spi_free_slave
                0x1fc19510        0x4 drivers/spi/libspi.o
                0x1fc19510                spi_free_slave
 .text.spi_claim_bus
                0x1fc19514        0x8 drivers/spi/libspi.o
                0x1fc19514                spi_claim_bus
 .text.spi_release_bus
                0x1fc1951c        0x4 drivers/spi/libspi.o
                0x1fc1951c                spi_release_bus
 .text.spi_xfer
                0x1fc19520      0x414 drivers/spi/libspi.o
                0x1fc19520                spi_xfer
 .text.get_fs   0x1fc19934        0xc fs/ext4/libext4fs.o
                0x1fc19934                get_fs
 .text.ext4fs_free_node
                0x1fc19940       0x24 fs/ext4/libext4fs.o
                0x1fc19940                ext4fs_free_node
 .text.ext4fs_read_file
                0x1fc19964      0x27c fs/ext4/libext4fs.o
                0x1fc19964                ext4fs_read_file
 .text.ext4fs_ls
                0x1fc19be0       0x78 fs/ext4/libext4fs.o
                0x1fc19be0                ext4fs_ls
 .text.ext4fs_read
                0x1fc19c58       0x40 fs/ext4/libext4fs.o
                0x1fc19c58                ext4fs_read
 .text.ext4fs_probe
                0x1fc19c98       0x30 fs/ext4/libext4fs.o
                0x1fc19c98                ext4fs_probe
 .text.ext4_read_file
                0x1fc19cc8       0x64 fs/ext4/libext4fs.o
                0x1fc19cc8                ext4_read_file
 .text.ext4fs_read_inode
                0x1fc19d2c      0x134 fs/ext4/libext4fs.o
                0x1fc19d2c                ext4fs_read_inode
 .text.read_allocated_block
                0x1fc19e60      0x980 fs/ext4/libext4fs.o
                0x1fc19e60                read_allocated_block
 .text.ext4fs_close
                0x1fc1a7e0      0x110 fs/ext4/libext4fs.o
                0x1fc1a7e0                ext4fs_close
 .text.ext4fs_iterate_dir
                0x1fc1a8f0      0x284 fs/ext4/libext4fs.o
                0x1fc1a8f0                ext4fs_iterate_dir
 .text.ext4fs_find_file1
                0x1fc1ab74      0x298 fs/ext4/libext4fs.o
 .text.ext4fs_find_file
                0x1fc1ae0c       0x74 fs/ext4/libext4fs.o
                0x1fc1ae0c                ext4fs_find_file
 .text.ext4fs_open
                0x1fc1ae80       0x9c fs/ext4/libext4fs.o
                0x1fc1ae80                ext4fs_open
 .text.ext4fs_mount
                0x1fc1af1c       0xc8 fs/ext4/libext4fs.o
                0x1fc1af1c                ext4fs_mount
 .text.ext4fs_set_blk_dev
                0x1fc1afe4       0x70 fs/ext4/libext4fs.o
                0x1fc1afe4                ext4fs_set_blk_dev
 .text.ext4fs_devread
                0x1fc1b054      0x258 fs/ext4/libext4fs.o
                0x1fc1b054                ext4fs_devread
 .text.ext4_read_superblock
                0x1fc1b2ac       0x3c fs/ext4/libext4fs.o
                0x1fc1b2ac                ext4_read_superblock
 .text.downcase
                0x1fc1b2e8       0x30 fs/fat/libfat.o
 .text.disk_read
                0x1fc1b318       0x58 fs/fat/libfat.o
 .text.dirdelim
                0x1fc1b370       0x34 fs/fat/libfat.o
 .text.get_fatent
                0x1fc1b3a4      0x158 fs/fat/libfat.o
 .text.mkcksum  0x1fc1b4fc       0x54 fs/fat/libfat.o
 .text.get_name
                0x1fc1b550       0xac fs/fat/libfat.o
 .text.read_bootsectandvi
                0x1fc1b5fc      0x128 fs/fat/libfat.o
 .text.get_cluster
                0x1fc1b724      0x17c fs/fat/libfat.o
 .text.slot2str
                0x1fc1b8a0       0xc8 fs/fat/libfat.o
 .text.get_vfatname
                0x1fc1b968      0x1c8 fs/fat/libfat.o
 .text.fat_set_blk_dev
                0x1fc1bb30       0xd4 fs/fat/libfat.o
                0x1fc1bb30                fat_set_blk_dev
 .text.do_fat_read_at
                0x1fc1bc04      0xb68 fs/fat/libfat.o
                0x1fc1bc04                do_fat_read_at
 .text.do_fat_read
                0x1fc1c76c       0x24 fs/fat/libfat.o
                0x1fc1c76c                do_fat_read
 .text.file_fat_detectfs
                0x1fc1c790      0x14c fs/fat/libfat.o
                0x1fc1c790                file_fat_detectfs
 .text.file_fat_ls
                0x1fc1c8dc       0x10 fs/fat/libfat.o
                0x1fc1c8dc                file_fat_ls
 .text.file_fat_read_at
                0x1fc1c8ec       0x44 fs/fat/libfat.o
                0x1fc1c8ec                file_fat_read_at
 .text.fat_read_file
                0x1fc1c930       0x3c fs/fat/libfat.o
                0x1fc1c930                fat_read_file
 .text.fat_close
                0x1fc1c96c        0x4 fs/fat/libfat.o
                0x1fc1c96c                fat_close
 .text.fs_probe_unsupported
                0x1fc1c970       0x18 fs/libfs.o
 .text.fs_ls_unsupported
                0x1fc1c988        0x8 fs/libfs.o
 .text.fs_read_unsupported
                0x1fc1c990        0x8 fs/libfs.o
 .text.fs_write_unsupported
                0x1fc1c998        0x8 fs/libfs.o
 .text.fs_close_unsupported
                0x1fc1c9a0        0x4 fs/libfs.o
 .text.fs_get_info
                0x1fc1c9a4       0x30 fs/libfs.o
 .text.fs_close
                0x1fc1c9d4       0x28 fs/libfs.o
 .text.fs_set_blk_dev
                0x1fc1c9fc       0xa0 fs/libfs.o
                0x1fc1c9fc                fs_set_blk_dev
 .text.fs_ls    0x1fc1ca9c       0x3c fs/libfs.o
                0x1fc1ca9c                fs_ls
 .text.fs_read  0x1fc1cad8       0x80 fs/libfs.o
                0x1fc1cad8                fs_read
 .text.do_load  0x1fc1cb58      0x1c0 fs/libfs.o
                0x1fc1cb58                do_load
 .text.do_ls    0x1fc1cd18       0x6c fs/libfs.o
                0x1fc1cd18                do_ls
 .text.fdt_check_header
                0x1fc1cd84       0x78 lib/libfdt/libfdt.o
                0x1fc1cd84                fdt_check_header
 .text.fdt_offset_ptr
                0x1fc1cdfc       0x4c lib/libfdt/libfdt.o
                0x1fc1cdfc                fdt_offset_ptr
 .text.fdt_next_tag
                0x1fc1ce48       0xf8 lib/libfdt/libfdt.o
                0x1fc1ce48                fdt_next_tag
 .text._fdt_check_node_offset
                0x1fc1cf40       0x38 lib/libfdt/libfdt.o
                0x1fc1cf40                _fdt_check_node_offset
 .text._fdt_check_prop_offset
                0x1fc1cf78       0x38 lib/libfdt/libfdt.o
                0x1fc1cf78                _fdt_check_prop_offset
 .text.fdt_next_node
                0x1fc1cfb0       0xc0 lib/libfdt/libfdt.o
                0x1fc1cfb0                fdt_next_node
 .text.fdt_first_subnode
                0x1fc1d070       0x34 lib/libfdt/libfdt.o
                0x1fc1d070                fdt_first_subnode
 .text.fdt_next_subnode
                0x1fc1d0a4       0x4c lib/libfdt/libfdt.o
                0x1fc1d0a4                fdt_next_subnode
 .text._fdt_find_string
                0x1fc1d0f0       0x58 lib/libfdt/libfdt.o
                0x1fc1d0f0                _fdt_find_string
 .text.fdt_move
                0x1fc1d148       0x48 lib/libfdt/libfdt.o
                0x1fc1d148                fdt_move
 .text._nextprop
                0x1fc1d190       0x50 lib/libfdt/libfdt.o
 .text.fdt_string
                0x1fc1d1e0       0x14 lib/libfdt/libfdt.o
                0x1fc1d1e0                fdt_string
 .text.fdt_get_mem_rsv
                0x1fc1d1f4       0x70 lib/libfdt/libfdt.o
                0x1fc1d1f4                fdt_get_mem_rsv
 .text.fdt_num_mem_rsv
                0x1fc1d264       0x3c lib/libfdt/libfdt.o
                0x1fc1d264                fdt_num_mem_rsv
 .text.fdt_subnode_offset_namelen
                0x1fc1d2a0       0xd0 lib/libfdt/libfdt.o
                0x1fc1d2a0                fdt_subnode_offset_namelen
 .text.fdt_subnode_offset
                0x1fc1d370       0x30 lib/libfdt/libfdt.o
                0x1fc1d370                fdt_subnode_offset
 .text.fdt_get_name
                0x1fc1d3a0       0x6c lib/libfdt/libfdt.o
                0x1fc1d3a0                fdt_get_name
 .text.fdt_first_property_offset
                0x1fc1d40c       0x20 lib/libfdt/libfdt.o
                0x1fc1d40c                fdt_first_property_offset
 .text.fdt_next_property_offset
                0x1fc1d42c       0x20 lib/libfdt/libfdt.o
                0x1fc1d42c                fdt_next_property_offset
 .text.fdt_get_property_by_offset
                0x1fc1d44c       0x50 lib/libfdt/libfdt.o
                0x1fc1d44c                fdt_get_property_by_offset
 .text.fdt_get_property_namelen
                0x1fc1d49c       0xac lib/libfdt/libfdt.o
                0x1fc1d49c                fdt_get_property_namelen
 .text.fdt_get_property
                0x1fc1d548       0x38 lib/libfdt/libfdt.o
                0x1fc1d548                fdt_get_property
 .text.fdt_getprop_namelen
                0x1fc1d580       0x1c lib/libfdt/libfdt.o
                0x1fc1d580                fdt_getprop_namelen
 .text.fdt_getprop
                0x1fc1d59c       0x38 lib/libfdt/libfdt.o
                0x1fc1d59c                fdt_getprop
 .text.fdt_get_alias_namelen
                0x1fc1d5d4       0x48 lib/libfdt/libfdt.o
                0x1fc1d5d4                fdt_get_alias_namelen
 .text.fdt_path_offset
                0x1fc1d61c       0xf0 lib/libfdt/libfdt.o
                0x1fc1d61c                fdt_path_offset
 .text.fdt_supernode_atdepth_offset
                0x1fc1d70c       0xb8 lib/libfdt/libfdt.o
                0x1fc1d70c                fdt_supernode_atdepth_offset
 .text.fdt_node_depth
                0x1fc1d7c4       0x24 lib/libfdt/libfdt.o
                0x1fc1d7c4                fdt_node_depth
 .text._fdt_blocks_misordered
                0x1fc1d7e8       0x64 lib/libfdt/libfdt.o
 .text._fdt_packblocks
                0x1fc1d84c       0xa8 lib/libfdt/libfdt.o
 .text._fdt_splice
                0x1fc1d8f4       0x78 lib/libfdt/libfdt.o
 .text._fdt_splice_struct
                0x1fc1d96c       0x4c lib/libfdt/libfdt.o
 .text._fdt_splice_mem_rsv
                0x1fc1d9b8       0x58 lib/libfdt/libfdt.o
 .text._fdt_add_property
                0x1fc1da10      0x138 lib/libfdt/libfdt.o
 .text._fdt_rw_check_header
                0x1fc1db48       0x64 lib/libfdt/libfdt.o
 .text.fdt_add_mem_rsv
                0x1fc1dbac       0x94 lib/libfdt/libfdt.o
                0x1fc1dbac                fdt_add_mem_rsv
 .text.fdt_del_mem_rsv
                0x1fc1dc40       0x58 lib/libfdt/libfdt.o
                0x1fc1dc40                fdt_del_mem_rsv
 .text.fdt_setprop
                0x1fc1dc98       0xd8 lib/libfdt/libfdt.o
                0x1fc1dc98                fdt_setprop
 .text.fdt_delprop
                0x1fc1dd70       0x64 lib/libfdt/libfdt.o
                0x1fc1dd70                fdt_delprop
 .text.fdt_add_subnode_namelen
                0x1fc1ddd4       0xf8 lib/libfdt/libfdt.o
                0x1fc1ddd4                fdt_add_subnode_namelen
 .text.fdt_add_subnode
                0x1fc1decc       0x30 lib/libfdt/libfdt.o
                0x1fc1decc                fdt_add_subnode
 .text.fdt_del_node
                0x1fc1defc       0x5c lib/libfdt/libfdt.o
                0x1fc1defc                fdt_del_node
 .text.fdt_open_into
                0x1fc1df58      0x1b0 lib/libfdt/libfdt.o
                0x1fc1df58                fdt_open_into
 .text.fdt_strerror
                0x1fc1e108       0x58 lib/libfdt/libfdt.o
                0x1fc1e108                fdt_strerror
 .text._fdt_node_end_offset
                0x1fc1e160       0x40 lib/libfdt/libfdt.o
                0x1fc1e160                _fdt_node_end_offset
 .text.cyg_crc16
                0x1fc1e1a0       0x44 lib/libgeneric.o
                0x1fc1e1a0                cyg_crc16
 .text.crc32_no_comp
                0x1fc1e1e4       0xd8 lib/libgeneric.o
                0x1fc1e1e4                crc32_no_comp
 .text.crc32    0x1fc1e2bc       0x14 lib/libgeneric.o
                0x1fc1e2bc                crc32
 .text.crc32_wd
                0x1fc1e2d0        0x4 lib/libgeneric.o
                0x1fc1e2d0                crc32_wd
 .text.print_size
                0x1fc1e2d4      0x138 lib/libgeneric.o
                0x1fc1e2d4                print_size
 .text.print_buffer
                0x1fc1e40c      0x1bc lib/libgeneric.o
                0x1fc1e40c                print_buffer
 .text.__div64_32
                0x1fc1e5c8       0xdc lib/libgeneric.o
                0x1fc1e5c8                __div64_32
 .text.gzfree   0x1fc1e6a4        0x8 lib/libgeneric.o
                0x1fc1e6a4                gzfree
 .text.gzalloc  0x1fc1e6ac       0x10 lib/libgeneric.o
                0x1fc1e6ac                gzalloc
 .text.zunzip   0x1fc1e6bc      0x10c lib/libgeneric.o
                0x1fc1e6bc                zunzip
 .text.gunzip   0x1fc1e7c8       0xbc lib/libgeneric.o
                0x1fc1e7c8                gunzip
 .text.hang     0x1fc1e884       0x1c lib/libgeneric.o
                0x1fc1e884                hang
 .text.cmpkey   0x1fc1e8a0       0x14 lib/libgeneric.o
 .text._hdelete.isra.1
                0x1fc1e8b4       0x50 lib/libgeneric.o
 .text.drop_var_from_set.part.2
                0x1fc1e904       0x50 lib/libgeneric.o
 .text.match_string.isra.3
                0x1fc1e954       0x64 lib/libgeneric.o
 .text.hcreate_r
                0x1fc1e9b8       0xb4 lib/libgeneric.o
                0x1fc1e9b8                hcreate_r
 .text.hdestroy_r
                0x1fc1ea6c       0x78 lib/libgeneric.o
                0x1fc1ea6c                hdestroy_r
 .text.hsearch_r
                0x1fc1eae4      0x49c lib/libgeneric.o
                0x1fc1eae4                hsearch_r
 .text.hdelete_r
                0x1fc1ef80       0xd4 lib/libgeneric.o
                0x1fc1ef80                hdelete_r
 .text.hexport_r
                0x1fc1f054      0x33c lib/libgeneric.o
                0x1fc1f054                hexport_r
 .text.himport_r
                0x1fc1f390      0x354 lib/libgeneric.o
                0x1fc1f390                himport_r
 .text.hwalk_r  0x1fc1f6e4       0x60 lib/libgeneric.o
                0x1fc1f6e4                hwalk_r
 .text.skip_spaces
                0x1fc1f744       0x30 lib/libgeneric.o
                0x1fc1f744                skip_spaces
 .text.strim    0x1fc1f774       0x68 lib/libgeneric.o
                0x1fc1f774                strim
 .text.lmb_add_region
                0x1fc1f7dc      0x1d0 lib/libgeneric.o
 .text.lmb_init
                0x1fc1f9ac       0x28 lib/libgeneric.o
                0x1fc1f9ac                lmb_init
 .text.lmb_add  0x1fc1f9d4        0x4 lib/libgeneric.o
                0x1fc1f9d4                lmb_add
 .text.lmb_free
                0x1fc1f9d8      0x10c lib/libgeneric.o
                0x1fc1f9d8                lmb_free
 .text.lmb_reserve
                0x1fc1fae4        0x8 lib/libgeneric.o
                0x1fc1fae4                lmb_reserve
 .text.lmb_overlaps_region
                0x1fc1faec       0x60 lib/libgeneric.o
                0x1fc1faec                lmb_overlaps_region
 .text.__lmb_alloc_base
                0x1fc1fb4c      0x110 lib/libgeneric.o
                0x1fc1fb4c                __lmb_alloc_base
 .text.lmb_alloc_base
                0x1fc1fc5c       0x34 lib/libgeneric.o
                0x1fc1fc5c                lmb_alloc_base
 .text.lmb_alloc
                0x1fc1fc90        0x8 lib/libgeneric.o
                0x1fc1fc90                lmb_alloc
 .text.__board_lmb_reserve
                0x1fc1fc98        0x4 lib/libgeneric.o
                0x1fc1fc98                board_lmb_reserve
                0x1fc1fc98                __board_lmb_reserve
 .text.byteReverse
                0x1fc1fc9c       0x2c lib/libgeneric.o
 .text.MD5Transform
                0x1fc1fcc8      0xa04 lib/libgeneric.o
 .text.MD5Update
                0x1fc206cc       0xe4 lib/libgeneric.o
 .text.MD5Final
                0x1fc207b0       0xc8 lib/libgeneric.o
 .text.md5_wd   0x1fc20878       0x68 lib/libgeneric.o
                0x1fc20878                md5_wd
 .text.string_to_ip
                0x1fc208e0       0x60 lib/libgeneric.o
                0x1fc208e0                string_to_ip
 .text.qsort    0x1fc20940       0xe0 lib/libgeneric.o
                0x1fc20940                qsort
 .text.sha1_process
                0x1fc20a20     0x1530 lib/libgeneric.o
 .text.sha1_update.part.0
                0x1fc21f50       0xbc lib/libgeneric.o
 .text.sha1_starts
                0x1fc2200c       0x4c lib/libgeneric.o
                0x1fc2200c                sha1_starts
 .text.sha1_update
                0x1fc22058        0xc lib/libgeneric.o
                0x1fc22058                sha1_update
 .text.sha1_finish
                0x1fc22064      0x140 lib/libgeneric.o
                0x1fc22064                sha1_finish
 .text.sha1_csum_wd
                0x1fc221a4       0x40 lib/libgeneric.o
                0x1fc221a4                sha1_csum_wd
 .text.strcpy   0x1fc221e4       0x1c lib/libgeneric.o
                0x1fc221e4                strcpy
 .text.strncpy  0x1fc22200       0x24 lib/libgeneric.o
                0x1fc22200                strncpy
 .text.strcat   0x1fc22224       0x30 lib/libgeneric.o
                0x1fc22224                strcat
 .text.strncat  0x1fc22254       0x54 lib/libgeneric.o
                0x1fc22254                strncat
 .text.strcmp   0x1fc222a8       0x2c lib/libgeneric.o
                0x1fc222a8                strcmp
 .text.strncmp  0x1fc222d4       0x40 lib/libgeneric.o
                0x1fc222d4                strncmp
 .text.strchr   0x1fc22314       0x34 lib/libgeneric.o
                0x1fc22314                strchr
 .text.strlen   0x1fc22348       0x20 lib/libgeneric.o
                0x1fc22348                strlen
 .text.strnlen  0x1fc22368       0x30 lib/libgeneric.o
                0x1fc22368                strnlen
 .text.strdup   0x1fc22398       0x38 lib/libgeneric.o
                0x1fc22398                strdup
 .text.strpbrk  0x1fc223d0       0x3c lib/libgeneric.o
                0x1fc223d0                strpbrk
 .text.memset   0x1fc2240c       0x6c lib/libgeneric.o
                0x1fc2240c                memset
 .text.memcpy   0x1fc22478       0x68 lib/libgeneric.o
                0x1fc22478                memcpy
 .text.memmove  0x1fc224e0       0x60 lib/libgeneric.o
                0x1fc224e0                memmove
 .text.memcmp   0x1fc22540       0x34 lib/libgeneric.o
                0x1fc22540                memcmp
 .text.strstr   0x1fc22574       0x64 lib/libgeneric.o
                0x1fc22574                strstr
 .text.memchr   0x1fc225d8       0x30 lib/libgeneric.o
                0x1fc225d8                memchr
 .text.udelay   0x1fc22608       0x30 lib/libgeneric.o
                0x1fc22608                udelay
 .text.put_dec_trunc
                0x1fc22638       0xdc lib/libgeneric.o
 .text.put_dec  0x1fc22714      0x130 lib/libgeneric.o
 .text.string.isra.0
                0x1fc22844       0xa0 lib/libgeneric.o
 .text.number.isra.4
                0x1fc228e4      0x264 lib/libgeneric.o
 .text.vsnprintf_internal.isra.6
                0x1fc22b48      0x614 lib/libgeneric.o
 .text.simple_strtoul
                0x1fc2315c       0xd0 lib/libgeneric.o
                0x1fc2315c                simple_strtoul
 .text.strict_strtoul
                0x1fc2322c       0x78 lib/libgeneric.o
                0x1fc2322c                strict_strtoul
 .text.simple_strtol
                0x1fc232a4       0x28 lib/libgeneric.o
                0x1fc232a4                simple_strtol
 .text.simple_strtoull
                0x1fc232cc       0xfc lib/libgeneric.o
                0x1fc232cc                simple_strtoull
 .text.vsprintf
                0x1fc233c8        0x4 lib/libgeneric.o
                0x1fc233c8                vsprintf
 .text.sprintf  0x1fc233cc       0x24 lib/libgeneric.o
                0x1fc233cc                sprintf
 .text.panic    0x1fc233f0       0x44 lib/libgeneric.o
                0x1fc233f0                panic
 .text.simple_itoa
                0x1fc23434       0x58 lib/libgeneric.o
                0x1fc23434                simple_itoa
 .text.zcfree   0x1fc2348c        0x8 lib/zlib/libz.o
                0x1fc2348c                zcfree
 .text.zcalloc  0x1fc23494        0x8 lib/zlib/libz.o
                0x1fc23494                zcalloc
 .text.inflate_fast
                0x1fc2349c      0x5d0 lib/zlib/libz.o
                0x1fc2349c                inflate_fast
 .text.inflate_table
                0x1fc23a6c      0x5b4 lib/zlib/libz.o
                0x1fc23a6c                inflate_table
 .text.inflateReset
                0x1fc24020       0x7c lib/zlib/libz.o
                0x1fc24020                inflateReset
 .text.inflateInit2_
                0x1fc2409c      0x104 lib/zlib/libz.o
                0x1fc2409c                inflateInit2_
 .text.inflateEnd
                0x1fc241a0       0x64 lib/zlib/libz.o
                0x1fc241a0                inflateEnd
 .text.adler32  0x1fc24204      0x33c lib/zlib/libz.o
                0x1fc24204                adler32
 .text.inflate  0x1fc24540     0x1648 lib/zlib/libz.o
                0x1fc24540                inflate
 .text.ArpInit  0x1fc25b88       0x50 net/libnet.o
                0x1fc25b88                ArpInit
 .text.arp_raw_request
                0x1fc25bd8       0xc0 net/libnet.o
                0x1fc25bd8                arp_raw_request
 .text.ArpRequest
                0x1fc25c98       0x80 net/libnet.o
                0x1fc25c98                ArpRequest
 .text.ArpTimeoutCheck
                0x1fc25d18       0x80 net/libnet.o
                0x1fc25d18                ArpTimeoutCheck
 .text.ArpReceive
                0x1fc25d98      0x220 net/libnet.o
                0x1fc25d98                ArpReceive
 .text.DhcpOptionsProcess
                0x1fc25fb8      0x228 net/libnet.o
 .text.DhcpHandler
                0x1fc261e0      0x42c net/libnet.o
 .text.BootpRequest
                0x1fc2660c      0x274 net/libnet.o
                0x1fc2660c                BootpRequest
 .text.BootpTimeout
                0x1fc26880       0x50 net/libnet.o
 .text.DhcpRequest
                0x1fc268d0        0x4 net/libnet.o
                0x1fc268d0                DhcpRequest
 .text.__def_eth_init
                0x1fc268d4        0x8 net/libnet.o
                0x1fc268d4                cpu_eth_init
 .text.eth_current_changed
                0x1fc268dc       0x60 net/libnet.o
 .text.eth_parse_enetaddr
                0x1fc2693c       0x50 net/libnet.o
                0x1fc2693c                eth_parse_enetaddr
 .text.eth_getenv_enetaddr
                0x1fc2698c       0x5c net/libnet.o
                0x1fc2698c                eth_getenv_enetaddr
 .text.eth_setenv_enetaddr
                0x1fc269e8       0x34 net/libnet.o
                0x1fc269e8                eth_setenv_enetaddr
 .text.eth_getenv_enetaddr_by_index
                0x1fc26a1c       0x50 net/libnet.o
                0x1fc26a1c                eth_getenv_enetaddr_by_index
 .text.eth_get_dev_by_index
                0x1fc26a6c       0x40 net/libnet.o
                0x1fc26a6c                eth_get_dev_by_index
 .text.eth_get_dev_index
                0x1fc26aac       0x1c net/libnet.o
                0x1fc26aac                eth_get_dev_index
 .text.eth_write_hwaddr
                0x1fc26ac8      0x1d8 net/libnet.o
                0x1fc26ac8                eth_write_hwaddr
 .text.eth_register
                0x1fc26ca0       0x7c net/libnet.o
                0x1fc26ca0                eth_register
 .text.eth_initialize
                0x1fc26d1c      0x1d4 net/libnet.o
                0x1fc26d1c                eth_initialize
 .text.eth_halt
                0x1fc26ef0       0x30 net/libnet.o
                0x1fc26ef0                eth_halt
 .text.eth_send
                0x1fc26f20       0x38 net/libnet.o
                0x1fc26f20                eth_send
 .text.eth_rx   0x1fc26f58       0x2c net/libnet.o
                0x1fc26f58                eth_rx
 .text.eth_try_another
                0x1fc26f84       0x88 net/libnet.o
                0x1fc26f84                eth_try_another
 .text.eth_init
                0x1fc2700c       0xcc net/libnet.o
                0x1fc2700c                eth_init
 .text.eth_set_current
                0x1fc270d8       0xac net/libnet.o
                0x1fc270d8                eth_set_current
 .text.eth_get_name
                0x1fc27184       0x20 net/libnet.o
                0x1fc27184                eth_get_name
 .text.startAgainTimeout
                0x1fc271a4       0x14 net/libnet.o
 .text.dummy_handler
                0x1fc271b8        0x4 net/libnet.o
 .text.net_clear_handlers
                0x1fc271bc       0x34 net/libnet.o
 .text.net_auto_load
                0x1fc271f0       0x38 net/libnet.o
                0x1fc271f0                net_auto_load
 .text.NetStartAgain
                0x1fc27228      0x15c net/libnet.o
                0x1fc27228                NetStartAgain
 .text.net_set_udp_handler
                0x1fc27384       0x20 net/libnet.o
                0x1fc27384                net_set_udp_handler
 .text.net_get_arp_handler
                0x1fc273a4       0x10 net/libnet.o
                0x1fc273a4                net_get_arp_handler
 .text.net_set_arp_handler
                0x1fc273b4       0x20 net/libnet.o
                0x1fc273b4                net_set_arp_handler
 .text.NetSetTimeout
                0x1fc273d4       0x4c net/libnet.o
                0x1fc273d4                NetSetTimeout
 .text.NetCksum
                0x1fc27420       0x34 net/libnet.o
                0x1fc27420                NetCksum
 .text.NetCksumOk
                0x1fc27454       0x20 net/libnet.o