mmc.c:929:13:mmc_set_ios	8	static
mmc.c:71:12:mmc_send_cmd	32	static
mmc.c:616:12:mmc_send_ext_csd	56	static
mmc.c:444:12:mmc_go_idle	40	static
mmc.c:531:12:mmc_send_op_cond_iter	16	static
mmc.c:706:12:mmc_set_capacity	16	static
mmc.c:133:12:6	48	static
mmc.c:638:12:1	40	static
mmc.c:43:12:board_mmc_getwp	0	static
mmc.c:48:5:mmc_getwp	8	static
mmc.c:64:5:__board_mmc_getcd	0	static
mmc.c:188:13:find_mmc_device	8	static
mmc.c:257:1:mmc_berase	72	static
mmc.c:350:1:mmc_bwrite	88	static
mmc.c:412:14:mmc_bread	80	static
mmc.c:555:5:mmc_send_op_cond	48	static
mmc.c:577:5:mmc_complete_op_cond	48	static
mmc.c:734:5:mmc_switch_part	16	static
mmc.c:751:5:mmc_getcd	8	static
mmc.c:934:6:mmc_set_clock	0	static
mmc.c:954:12:mmc_startup	1328	static
mmc.c:1326:5:mmc_register	0	static
mmc.c:1356:5:mmc_start_init	56	static
mmc.c:1425:5:mmc_init	8	static
mmc.c:1346:19:mmc_get_dev	8	static
mmc.c:1445:12:__def_mmc_init	0	static
mmc.c:1453:6:print_mmc_devices	16	static
mmc.c:1470:5:get_mmc_num	0	static
mmc.c:1475:6:mmc_set_preinit	0	static
mmc.c:1494:5:mmc_initialize	16	static
