spi_flash.c:74:12:spi_flash_get_status	32	static
spi_flash.c:29:12:spi_flash_read_write	32	static
spi_flash.c:62:5:spi_flash_cmd_read	16	static
spi_flash.c:57:5:spi_flash_cmd	24	static
spi_flash.c:68:5:spi_flash_cmd_write	16	static
spi_flash.c:101:5:spi_flash_cmd_wait_ready	24	static
spi_flash.c:134:5:spi_flash_write_common	40	static
spi_flash.c:295:5:spi_flash_read_common	32	static
spi_flash.c:387:5:spi_flash_cmd_write_status	32	static
spi_flash.c:402:5:spi_flash_cmd_write_config	40	static
spi_flash.c:425:5:spi_flash_set_qeb	24	static
spi_flash.c:449:5:spi_flash_cmd_bankaddr_write	32	static
spi_flash.c:318:5:spi_flash_cmd_read_fast	56	static
spi_flash.c:235:5:spi_flash_cmd_write_multi	64	static
spi_flash.c:175:5:spi_flash_cmd_erase	48	static
spi_flash.c:470:5:spi_flash_bank_config	24	static
spi_flash.c:608:19:spi_flash_probe	32	static
spi_flash.c:709:7:spi_flash_do_alloc	24	static
spi_flash.c:738:6:spi_flash_free	8	static
