image-fit.c:89:5:fit_parse_conf	24	static
image-fit.c:115:5:fit_parse_subimage	24	static
image-fit.c:445:5:fit_get_desc	16	static
image-fit.c:473:5:fit_get_timestamp	16	static
image-fit.c:505:5:fit_image_get_node	16	static
image-fit.c:539:5:fit_image_get_os	16	static
image-fit.c:571:5:fit_image_get_arch	16	static
image-fit.c:603:5:fit_image_get_type	16	static
image-fit.c:635:5:fit_image_get_comp	16	static
image-fit.c:666:5:fit_image_get_load	16	static
image-fit.c:698:5:fit_image_get_entry	16	static
image-fit.c:728:5:fit_image_get_data	24	static
image-fit.c:757:5:fit_image_hash_get_algo	16	static
image-fit.c:785:5:fit_image_hash_get_value	24	static
image-fit.c:247:13:fit_image_print_data	48	static
image-fit.c:343:6:fit_image_print	56	static
image-fit.c:842:5:fit_set_timestamp	32	static
image-fit.c:878:5:calculate_hash	32	static
image-fit.c:961:5:fit_image_verify	80	static
image-fit.c:1038:5:fit_all_image_verify	32	static
image-fit.c:1089:5:fit_image_check_os	16	static
image-fit.c:1111:5:fit_image_check_arch	16	static
image-fit.c:1133:5:fit_image_check_type	16	static
image-fit.c:1156:5:fit_image_check_comp	16	static
image-fit.c:1176:5:fit_check_format	8	static
image-fit.c:1241:5:fit_conf_find_compat	64	static
image-fit.c:1346:5:fit_conf_get_node	24	static
image-fit.c:1380:5:fit_conf_get_prop_node	16	static
image-fit.c:1406:6:fit_conf_print	32	static
image-fit.c:143:6:fit_print_contents	32	static
image-fit.c:1437:5:fit_image_select	16	static
image-fit.c:1453:5:fit_get_node_from_config	16	static
image-fit.c:1480:5:fit_image_load	64	static
