cmd_nvedit.c:782:12:do_env_delete	24	static
cmd_nvedit.c:96:12:env_print	56	static
cmd_nvedit.c:127:12:do_env_print	24	static
cmd_nvedit.c:1122:12:do_env	24	static
cmd_nvedit.c:978:12:do_env_import	56	static
cmd_nvedit.c:745:12:do_env_default	8	static
cmd_nvedit.c:705:12:do_env_save	8	static
cmd_nvedit.c:226:12:0	72	static
cmd_nvedit.c:360:12:do_env_set	0	static
cmd_nvedit.c:372:5:do_env_ask	312	static
cmd_nvedit.c:85:5:get_env_id	0	static
cmd_nvedit.c:300:5:setenv	24	static
cmd_nvedit.c:321:5:setenv_ulong	8	static
cmd_nvedit.c:336:5:setenv_hex	32	static
cmd_nvedit.c:863:12:do_env_export	96	static
cmd_nvedit.c:729:5:envmatch	24	static
cmd_nvedit.c:648:5:getenv_f	32	static
cmd_nvedit.c:624:7:getenv	48	static
cmd_nvedit.c:595:12:do_env_edit	264	static
cmd_nvedit.c:692:7:getenv_ulong	16	static
cmd_nvedit.c:344:7:getenv_hex	24	static
