image.c:415:12:on_loadaddr	8	static
image.c:169:5:image_check_hcrc	72	static
image.c:184:5:image_check_dcrc	8	static
image.c:206:7:image_multi_count	0	static
image.c:239:6:image_multi_getimg	24	static
image.c:431:7:getenv_bootm_low	8	static
image.c:448:13:getenv_bootm_size	8	static
image.c:470:13:getenv_bootm_mapsize	8	static
image.c:486:6:memmove_wd	0	static
image.c:506:6:genimg_print_size	8	static
image.c:548:7:get_table_entry_name	0	static
image.c:561:13:genimg_get_os_name	0	static
image.c:566:13:genimg_get_arch_name	0	static
image.c:572:13:genimg_get_type_name	0	static
image.c:577:13:genimg_get_comp_name	0	static
image.c:299:6:image_print_contents	40	static
image.c:597:5:get_table_entry_id	16	static
image.c:631:5:genimg_get_os_id	0	static
image.c:636:5:genimg_get_arch_id	0	static
image.c:641:5:genimg_get_type_id	0	static
image.c:646:5:genimg_get_comp_id	0	static
image.c:666:5:genimg_get_format	8	static
image.c:698:7:genimg_get_image	0	static
image.c:772:5:genimg_has_config	0	static
image.c:803:5:boot_get_ramdisk	88	static
image.c:994:5:boot_ramdisk_high	24	static
image.c:1148:5:image_setup_linux	32	static
