net.c:573:1:startAgainTimeout	0	static
net.c:628:13:dummy_handler	0	static
net.c:280:13:net_clear_handlers	0	static
net.c:232:6:net_auto_load	8	static
net.c:578:6:NetStartAgain	8	static
net.c:634:11:net_get_udp_handler	0	static
net.c:639:6:net_set_udp_handler	0	static
net.c:648:11:net_get_arp_handler	0	static
net.c:653:6:net_set_arp_handler	0	static
net.c:670:1:NetSetTimeout	8	static
net.c:1289:1:NetCksum	0	static
net.c:1282:1:NetCksumOk	8	static
net.c:941:1:NetReceive	40	static
net.c:1303:1:NetEthHdrSize	0	static
net.c:1316:1:NetSetEther	24	static
net.c:1341:5:net_update_ether	16	static
net.c:1364:6:net_set_ip_header	16	static
net.c:1385:6:net_set_udp_header	24	static
net.c:685:5:NetSendUDPPacket	40	static
net.c:1409:6:copy_filename	0	static
net.c:212:12:on_bootfile	8	static
net.c:1435:6:ip_to_string	16	static
net.c:1445:6:VLAN_to_string	0	static
net.c:1458:8:string_to_VLAN	8	static
net.c:1473:8:getenv_VLAN	8	static
net.c:256:13:NetInitLoop	16	static
net.c:292:6:net_init	8	static
net.c:322:5:NetLoop	32	static
