phy.c:434:5:genphy_shutdown	0	static
bitops.h:12:19:0	0	static
phy.c:544:27:phy_device_create	24	static
phy.c:645:27:get_phy_device_by_mask	40	static
phy.c:151:5:genphy_restart_aneg	16	static
phy.c:179:5:genphy_config_aneg	24	static
phy.c:373:5:genphy_config	16	static
phy.c:219:5:genphy_update_link	24	static
phy.c:287:5:genphy_parse_link	16	static
phy.c:426:5:genphy_startup	8	static
phy.c:451:5:phy_init	8	static
phy.c:496:5:phy_register	0	static
phy.c:682:5:phy_reset	24	static
phy.c:737:5:miiphy_reset	8	static
phy.c:752:20:phy_find_by_mask	16	static
phy.c:764:6:phy_connect_dev	24	static
phy.c:777:20:phy_connect	24	static
phy.c:793:5:phy_startup	8	static
phy.c:801:12:__board_phy_config	8	static
phy.c:811:5:phy_config	8	static
phy.c:819:5:phy_shutdown	8	static
